Archive member included because of file (symbol)

D:/ResearchSoftware/KungFu32/ChipONCC32/ccr1_issue/lib\libio.a(fprintf.o)
                              ./Driver/ota_app.o (fprintf)
D:/ResearchSoftware/KungFu32/ChipONCC32/ccr1_issue/lib\libio.a(vfprintf.o)
                              D:/ResearchSoftware/KungFu32/ChipONCC32/ccr1_issue/lib\libio.a(fprintf.o) (vfprintf)
D:/ResearchSoftware/KungFu32/ChipONCC32/ccr1_issue/lib\libstring.a(memcmp.o)
                              ./Driver/ota_boot.o (memcmp)
D:/ResearchSoftware/KungFu32/ChipONCC32/ccr1_issue/lib\libstring.a(strlen.o)
                              ./Driver/md5.o (strlen)
D:/ResearchSoftware/KungFu32/ChipONCC32/ccr1_issue/lib\libstring.a(mem_set_cpy_Fast.o)
                              ./BSP/bsp_flash.o (memcpy)
D:/ResearchSoftware/KungFu32/ChipONCC32/ccr1_issue/lib\libstdlib.a(ftoa.o)
                              D:/ResearchSoftware/KungFu32/ChipONCC32/ccr1_issue/lib\libio.a(vfprintf.o) (ftoa)
D:/ResearchSoftware/KungFu32/ChipONCC32/ccr1_issue/lib\libstdlib.a(itoa.o)
                              D:/ResearchSoftware/KungFu32/ChipONCC32/ccr1_issue/lib\libstdlib.a(ftoa.o) (uitoa)
D:/ResearchSoftware/KungFu32/ChipONCC32/ccr1_issue/lib\libstdlib.a(ltoa.o)
                              D:/ResearchSoftware/KungFu32/ChipONCC32/ccr1_issue/lib\libio.a(vfprintf.o) (ultoa)
D:/ResearchSoftware/KungFu32/ChipONCC32/ccr1_issue/lib\libctype.a(ctype_tab.o)
                              D:/ResearchSoftware/KungFu32/ChipONCC32/ccr1_issue/lib\libio.a(vfprintf.o) (_Ctype)
D:/ResearchSoftware/KungFu32/ChipONCC32/ccr1_issue/lib\libcrtv1.a(truncdfsf2.o)
                              D:/ResearchSoftware/KungFu32/ChipONCC32/ccr1_issue/lib\libio.a(vfprintf.o) (__truncdfsf2)
D:/ResearchSoftware/KungFu32/ChipONCC32/ccr1_issue/lib\libcrtv1.a(ChipMessageApi2.o)
                              D:/ResearchSoftware/KungFu32/ChipONCC32/ccr1_issue/lib\libio.a(vfprintf.o) (fputchar)

@@@@@Discarded input sections

 .text          0x00000000        0x0 ./BSP/bsp.o
 .data          0x00000000        0x0 ./BSP/bsp.o
 .bss           0x00000000        0x0 ./BSP/bsp.o
 .text$bsp_init
                0x00000000        0xc ./BSP/bsp.o
 .comment       0x00000000       0x27 ./BSP/bsp.o
 .text          0x00000000        0x0 ./BSP/bsp_flash.o
 .data          0x00000000        0x0 ./BSP/bsp_flash.o
 .bss           0x00000000        0x0 ./BSP/bsp_flash.o
 .text$flash_read_byte
                0x00000000       0x12 ./BSP/bsp_flash.o
 .text$flash_read_halfword
                0x00000000       0x12 ./BSP/bsp_flash.o
 .text$flash_read_word
                0x00000000       0x12 ./BSP/bsp_flash.o
 .text$flash_read_multiple_word
                0x00000000       0x36 ./BSP/bsp_flash.o
 .text$flash_write_byte
                0x00000000       0x30 ./BSP/bsp_flash.o
 .text$flash_write_halfword
                0x00000000       0x30 ./BSP/bsp_flash.o
 .text$flash_write_word
                0x00000000       0x2c ./BSP/bsp_flash.o
 .text$flash_write_half_page
                0x00000000       0x2c ./BSP/bsp_flash.o
 .comment       0x00000000       0x27 ./BSP/bsp_flash.o
 .text          0x00000000        0x0 ./BSP/bsp_systick.o
 .data          0x00000000        0x0 ./BSP/bsp_systick.o
 .bss           0x00000000        0x0 ./BSP/bsp_systick.o
 .text$systick_delay_init
                0x00000000       0x48 ./BSP/bsp_systick.o
 .bss$comm$fac_ms
                0x00000000        0x2 ./BSP/bsp_systick.o
 .bss$comm$fac_us
                0x00000000        0x1 ./BSP/bsp_systick.o
 .comment       0x00000000       0x27 ./BSP/bsp_systick.o
 .text          0x00000000        0x0 ./BSP/bsp_usart.o
 .data          0x00000000        0x0 ./BSP/bsp_usart.o
 .bss           0x00000000        0x0 ./BSP/bsp_usart.o
 .text$bsp_usart_init
                0x00000000      0x158 ./BSP/bsp_usart.o
 .rdata$COM_GPIO_PORT
                0x00000000       0x10 ./BSP/bsp_usart.o
 .rdata$COM_TX_PIN
                0x00000000        0x8 ./BSP/bsp_usart.o
 .rdata$COM_TX_PIN_NUM
                0x00000000        0x8 ./BSP/bsp_usart.o
 .rdata$COM_TX_PIN_RMP
                0x00000000        0x4 ./BSP/bsp_usart.o
 .rdata$COM_RX_PIN
                0x00000000        0x8 ./BSP/bsp_usart.o
 .rdata$COM_RX_PIN_NUM
                0x00000000        0x8 ./BSP/bsp_usart.o
 .rdata$COM_RX_PIN_RMP
                0x00000000        0x4 ./BSP/bsp_usart.o
 .rdata$COM_BAUD
                0x00000000       0x10 ./BSP/bsp_usart.o
 .rdata$COM_USART
                0x00000000       0x10 ./BSP/bsp_usart.o
 .rdata$COM_INT
                0x00000000       0x10 ./BSP/bsp_usart.o
 .comment       0x00000000       0x27 ./BSP/bsp_usart.o
 .text          0x00000000        0x0 ./Driver/delay.o
 .data          0x00000000        0x0 ./Driver/delay.o
 .bss           0x00000000        0x0 ./Driver/delay.o
 .text$delay_us
                0x00000000       0x44 ./Driver/delay.o
 .text$delay_ms
                0x00000000       0x20 ./Driver/delay.o
 .comment       0x00000000       0x27 ./Driver/delay.o
 .text          0x00000000        0x0 ./Driver/error_code.o
 .data          0x00000000        0x0 ./Driver/error_code.o
 .bss           0x00000000        0x0 ./Driver/error_code.o
 .text$ERRLIST_getFirst
                0x00000000        0xc ./Driver/error_code.o
 .text$ERRLIST_getAll
                0x00000000        0x8 ./Driver/error_code.o
 .text$ERRLIST_add
                0x00000000        0xc ./Driver/error_code.o
 .text$ERRLIST_delete
                0x00000000        0xc ./Driver/error_code.o
 .text$ERRLIST_modify
                0x00000000        0xc ./Driver/error_code.o
 .text$ERRLIST_seek
                0x00000000        0x4 ./Driver/error_code.o
 .bss$comm$eList
                0x00000000        0x1 ./Driver/error_code.o
 .comment       0x00000000       0x27 ./Driver/error_code.o
 .text          0x00000000        0x0 ./Driver/flash_eeprom.o
 .data          0x00000000        0x0 ./Driver/flash_eeprom.o
 .bss           0x00000000        0x0 ./Driver/flash_eeprom.o
 .text$ee_init_boot
                0x00000000        0xe ./Driver/flash_eeprom.o
 .text$ee_init_app
                0x00000000       0x2c ./Driver/flash_eeprom.o
 .comment       0x00000000       0x27 ./Driver/flash_eeprom.o
 .text          0x00000000        0x0 ./Driver/md5.o
 .data          0x00000000        0x0 ./Driver/md5.o
 .bss           0x00000000        0x0 ./Driver/md5.o
 .text$rotateLeft
                0x00000000        0x8 ./Driver/md5.o
 .text$md5_init
                0x00000000       0x30 ./Driver/md5.o
 .text$md5_string
                0x00000000       0x4c ./Driver/md5.o
 .comment       0x00000000       0x27 ./Driver/md5.o
 .text          0x00000000        0x0 ./Driver/ota_app.o
 .data          0x00000000        0x0 ./Driver/ota_app.o
 .bss           0x00000000        0x0 ./Driver/ota_app.o
 .rodata.str1.4
                0x00000000       0x5a ./Driver/ota_app.o
 .text$ota_app_start
                0x00000000       0x30 ./Driver/ota_app.o
 .text$ota_app_set_info
                0x00000000       0x3c ./Driver/ota_app.o
 .text$ota_app_recvpkg
                0x00000000       0xc8 ./Driver/ota_app.o
 .text$ota_app_end
                0x00000000       0xe0 ./Driver/ota_app.o
 .bss$static$ota
                0x00000000       0x14 ./Driver/ota_app.o
 .comment       0x00000000       0x27 ./Driver/ota_app.o
 .text          0x00000000        0x0 ./Driver/ota_boot.o
 .data          0x00000000        0x0 ./Driver/ota_boot.o
 .bss           0x00000000        0x0 ./Driver/ota_boot.o
 .comment       0x00000000       0x27 ./Driver/ota_boot.o
 .text          0x00000000        0x0 ./KF32_EVAL.o
 .data          0x00000000        0x0 ./KF32_EVAL.o
 .bss           0x00000000        0x0 ./KF32_EVAL.o
 .text$kf_eval_led_on
                0x00000000       0x24 ./KF32_EVAL.o
 .text$kf_eval_led_off
                0x00000000       0x24 ./KF32_EVAL.o
 .comment       0x00000000       0x27 ./KF32_EVAL.o
 .text          0x00000000        0x0 ./kf_it.o
 .data          0x00000000        0x0 ./kf_it.o
 .bss           0x00000000        0x0 ./kf_it.o
 .comment       0x00000000       0x27 ./kf_it.o
 .text          0x00000000        0x0 ./main.o
 .data          0x00000000        0x0 ./main.o
 .bss           0x00000000        0x0 ./main.o
 .text$md5_flash_test
                0x00000000       0x70 ./main.o
 .text$runtime_param_set_default
                0x00000000       0x18 ./main.o
 .comment       0x00000000       0x27 ./main.o
 .text          0x00000000        0x0 ./utilities.o
 .data          0x00000000        0x0 ./utilities.o
 .bss           0x00000000        0x0 ./utilities.o
 .text$uint8_to_uint32
                0x00000000       0x2e ./utilities.o
 .text$CalChecksum
                0x00000000       0x14 ./utilities.o
 .comment       0x00000000       0x27 ./utilities.o
 .text          0x00000000        0x0 ./Middle/soft_timer.o
 .data          0x00000000        0x0 ./Middle/soft_timer.o
 .bss           0x00000000        0x0 ./Middle/soft_timer.o
 .text$softtimer_tick_get
                0x00000000        0xc ./Middle/soft_timer.o
 .text$SOFTTIMER_getTimeoutValue
                0x00000000       0x10 ./Middle/soft_timer.o
 .text$SOFTTIMER_setTimeoutValue
                0x00000000       0x38 ./Middle/soft_timer.o
 .text$SOFTTIMER_start
                0x00000000       0x14 ./Middle/soft_timer.o
 .text$SOFTTIMER_suspend
                0x00000000       0x14 ./Middle/soft_timer.o
 .rodata.str1.4
                0x00000000       0x49 ./Middle/soft_timer.o
 .text$SOFTTIMER_register
                0x00000000       0xa8 ./Middle/soft_timer.o
 .text$SOFTTIMER_unregister
                0x00000000       0x54 ./Middle/soft_timer.o
 .text$SOFTTIMER_Handle
                0x00000000       0xdc ./Middle/soft_timer.o
 .bss$comm$timeTable
                0x00000000       0x50 ./Middle/soft_timer.o
 .comment       0x00000000       0x27 ./Middle/soft_timer.o
 .text          0x00000000        0x0 ./Peripherals/src/kf32f_basic_adc.o
 .data          0x00000000        0x0 ./Peripherals/src/kf32f_basic_adc.o
 .bss           0x00000000        0x0 ./Peripherals/src/kf32f_basic_adc.o
 .text$ADC_Reset
                0x00000000       0x5e ./Peripherals/src/kf32f_basic_adc.o
 .text$ADC_Configuration
                0x00000000       0x6c ./Peripherals/src/kf32f_basic_adc.o
 .text$ADC_Struct_Init
                0x00000000       0x22 ./Peripherals/src/kf32f_basic_adc.o
 .text$ADC_Delay_Configuration
                0x00000000       0x24 ./Peripherals/src/kf32f_basic_adc.o
 .text$ADC_Delay_Struct_Init
                0x00000000        0xa ./Peripherals/src/kf32f_basic_adc.o
 .text$ADC_Cmd  0x00000000        0xc ./Peripherals/src/kf32f_basic_adc.o
 .text$ADC_Analog_Watchdog_Configuration
                0x00000000       0x48 ./Peripherals/src/kf32f_basic_adc.o
 .text$ADC_Analog_Watchdog_Struct_Init
                0x00000000       0x10 ./Peripherals/src/kf32f_basic_adc.o
 .text$ADC_Watchdog_Single_Channel_Enable
                0x00000000        0xc ./Peripherals/src/kf32f_basic_adc.o
 .text$ADC_Scan_Mode_Enable
                0x00000000        0xc ./Peripherals/src/kf32f_basic_adc.o
 .text$ADC_Bosssel_Comparator_Calibration
                0x00000000        0xc ./Peripherals/src/kf32f_basic_adc.o
 .text$ADC_Bosssel_Calibration
                0x00000000        0xc ./Peripherals/src/kf32f_basic_adc.o
 .text$ADC_Trim_Current_Intensity_Bias
                0x00000000        0xc ./Peripherals/src/kf32f_basic_adc.o
 .text$ADC_Analog_Clock_Config
                0x00000000       0x10 ./Peripherals/src/kf32f_basic_adc.o
 .text$ADC_Data_Align_Config
                0x00000000        0xa ./Peripherals/src/kf32f_basic_adc.o
 .text$ADC_Clock_Source_Config
                0x00000000        0xc ./Peripherals/src/kf32f_basic_adc.o
 .text$ADC_Regular_Channel_DMA_Cmd
                0x00000000        0xc ./Peripherals/src/kf32f_basic_adc.o
 .text$ADC_High_Priority_Channel_DMA_Cmd
                0x00000000       0x14 ./Peripherals/src/kf32f_basic_adc.o
 .text$ADC_Double_Mode_Config
                0x00000000       0x18 ./Peripherals/src/kf32f_basic_adc.o
 .text$ADC_Reference_Voltage_Config
                0x00000000       0x10 ./Peripherals/src/kf32f_basic_adc.o
 .text$ADC_Analog_Watchdog_Channel_Config
                0x00000000       0x10 ./Peripherals/src/kf32f_basic_adc.o
 .text$ADC_Regular_Channel_Watchdog_Enable
                0x00000000        0xc ./Peripherals/src/kf32f_basic_adc.o
 .text$ADC_External_Trig_Conv_Enable
                0x00000000        0xe ./Peripherals/src/kf32f_basic_adc.o
 .text$ADC_External_Trig_Conv_Config
                0x00000000       0x10 ./Peripherals/src/kf32f_basic_adc.o
 .text$ADC_Regular_Channel_Config
                0x00000000       0x6e ./Peripherals/src/kf32f_basic_adc.o
 .text$ADC_Regular_Sequencer_Length_Config
                0x00000000       0x14 ./Peripherals/src/kf32f_basic_adc.o
 .text$ADC_Regular_Channel_TxCCRy_Trig_Enable
                0x00000000       0x18 ./Peripherals/src/kf32f_basic_adc.o
 .text$ADC_Software_Start_Conv
                0x00000000        0x6 ./Peripherals/src/kf32f_basic_adc.o
 .text$ADC_Continuous_Mode_Cmd
                0x00000000        0xc ./Peripherals/src/kf32f_basic_adc.o
 .text$ADC_Disc_Mode_Channel_Count_Config
                0x00000000       0x18 ./Peripherals/src/kf32f_basic_adc.o
 .text$ADC_Disc_Mode_Cmd
                0x00000000        0xc ./Peripherals/src/kf32f_basic_adc.o
 .text$ADC_Get_Conversion_Value
                0x00000000        0x6 ./Peripherals/src/kf32f_basic_adc.o
 .text$ADC_High_Priority_Watchdog_Enable
                0x00000000        0xc ./Peripherals/src/kf32f_basic_adc.o
 .text$ADC_HPExternal_Trig_Conv_Enable
                0x00000000        0xe ./Peripherals/src/kf32f_basic_adc.o
 .text$ADC_High_Priority_Channel_Config
                0x00000000       0x1a ./Peripherals/src/kf32f_basic_adc.o
 .text$ADC_High_Priority_Sequencer_Length_Config
                0x00000000       0x10 ./Peripherals/src/kf32f_basic_adc.o
 .text$ADC_Set_HPChannel_Conv_Value_Offset
                0x00000000        0x4 ./Peripherals/src/kf32f_basic_adc.o
 .text$ADC_HPExternal_Trig_Conv_Config
                0x00000000       0x10 ./Peripherals/src/kf32f_basic_adc.o
 .text$ADC_Software_HPStart_Conv
                0x00000000        0x6 ./Peripherals/src/kf32f_basic_adc.o
 .text$ADC_HPAuto_Conv_Cmd
                0x00000000        0xc ./Peripherals/src/kf32f_basic_adc.o
 .text$ADC_HPDisc_Mode_Cmd
                0x00000000        0xc ./Peripherals/src/kf32f_basic_adc.o
 .text$ADC_Get_HPConversion_Data
                0x00000000        0x8 ./Peripherals/src/kf32f_basic_adc.o
 .text$ADC_Set_INT_Enable
                0x00000000       0x1c ./Peripherals/src/kf32f_basic_adc.o
 .text$ADC_Get_INT_Flag
                0x00000000       0x18 ./Peripherals/src/kf32f_basic_adc.o
 .text$ADC_Clear_INT_Flag
                0x00000000       0x2c ./Peripherals/src/kf32f_basic_adc.o
 .text$ADC_Get_INT_Status
                0x00000000       0x18 ./Peripherals/src/kf32f_basic_adc.o
 .comment       0x00000000       0x27 ./Peripherals/src/kf32f_basic_adc.o
 .text          0x00000000        0x0 ./Peripherals/src/kf32f_basic_atim.o
 .data          0x00000000        0x0 ./Peripherals/src/kf32f_basic_atim.o
 .bss           0x00000000        0x0 ./Peripherals/src/kf32f_basic_atim.o
 .text$ATIM_X_Configuration
                0x00000000       0x34 ./Peripherals/src/kf32f_basic_atim.o
 .text$ATIM_Z_Configuration
                0x00000000       0x34 ./Peripherals/src/kf32f_basic_atim.o
 .text$ATIM_Struct_Init
                0x00000000       0x1c ./Peripherals/src/kf32f_basic_atim.o
 .text$ATIM_X_Cmd
                0x00000000        0xe ./Peripherals/src/kf32f_basic_atim.o
 .text$ATIM_Z_Cmd
                0x00000000        0xe ./Peripherals/src/kf32f_basic_atim.o
 .text$ATIM_X_Updata_Configuration
                0x00000000       0x1a ./Peripherals/src/kf32f_basic_atim.o
 .text$ATIM_Z_Updata_Configuration
                0x00000000       0x1a ./Peripherals/src/kf32f_basic_atim.o
 .text$ATIM_X_Updata_Cmd
                0x00000000       0x10 ./Peripherals/src/kf32f_basic_atim.o
 .text$ATIM_Z_Updata_Cmd
                0x00000000       0x10 ./Peripherals/src/kf32f_basic_atim.o
 .text$ATIM_X_Set_Counter
                0x00000000        0x6 ./Peripherals/src/kf32f_basic_atim.o
 .text$ATIM_Z_Set_Counter
                0x00000000        0x6 ./Peripherals/src/kf32f_basic_atim.o
 .text$ATIM_X_Set_Period
                0x00000000        0x6 ./Peripherals/src/kf32f_basic_atim.o
 .text$ATIM_Z_Set_Period
                0x00000000        0x6 ./Peripherals/src/kf32f_basic_atim.o
 .text$ATIM_X_Set_Prescaler
                0x00000000        0x6 ./Peripherals/src/kf32f_basic_atim.o
 .text$ATIM_Z_Set_Prescaler
                0x00000000        0x6 ./Peripherals/src/kf32f_basic_atim.o
 .text$ATIM_X_Counter_Mode_Config
                0x00000000       0x10 ./Peripherals/src/kf32f_basic_atim.o
 .text$ATIM_Z_Counter_Mode_Config
                0x00000000       0x10 ./Peripherals/src/kf32f_basic_atim.o
 .text$ATIM_X_Clock_Config
                0x00000000        0xc ./Peripherals/src/kf32f_basic_atim.o
 .text$ATIM_Z_Clock_Config
                0x00000000        0xc ./Peripherals/src/kf32f_basic_atim.o
 .text$ATIM_X_Postscaler_Config
                0x00000000       0x10 ./Peripherals/src/kf32f_basic_atim.o
 .text$ATIM_Z_Postscaler_Config
                0x00000000       0x10 ./Peripherals/src/kf32f_basic_atim.o
 .text$ATIM_X_External_Pulse_Sync_Config
                0x00000000        0xe ./Peripherals/src/kf32f_basic_atim.o
 .text$ATIM_Z_External_Pulse_Sync_Config
                0x00000000        0xe ./Peripherals/src/kf32f_basic_atim.o
 .text$ATIM_X_Work_Mode_Config
                0x00000000        0xe ./Peripherals/src/kf32f_basic_atim.o
 .text$ATIM_Z_Work_Mode_Config
                0x00000000        0xe ./Peripherals/src/kf32f_basic_atim.o
 .text$ATIM_X_Get_Direction
                0x00000000        0xa ./Peripherals/src/kf32f_basic_atim.o
 .text$ATIM_Z_Get_Direction
                0x00000000        0xa ./Peripherals/src/kf32f_basic_atim.o
 .text$ATIM_X_Overflow_AD_Enable
                0x00000000        0xe ./Peripherals/src/kf32f_basic_atim.o
 .text$ATIM_Z_Overflow_AD_Enable
                0x00000000        0xe ./Peripherals/src/kf32f_basic_atim.o
 .text$ATIM_X_Underflow_AD_Enable
                0x00000000        0xe ./Peripherals/src/kf32f_basic_atim.o
 .text$ATIM_Z_Underflow_AD_Enable
                0x00000000        0xe ./Peripherals/src/kf32f_basic_atim.o
 .text$ATIM_X_TriggerAD_Config
                0x00000000        0xe ./Peripherals/src/kf32f_basic_atim.o
 .text$ATIM_Z_TriggerAD_Config
                0x00000000        0xe ./Peripherals/src/kf32f_basic_atim.o
 .text$ATIM_X_Set_TriggerAD_Signal
                0x00000000        0xa ./Peripherals/src/kf32f_basic_atim.o
 .text$ATIM_Z_Set_TriggerAD_Signal
                0x00000000        0x6 ./Peripherals/src/kf32f_basic_atim.o
 .text$ATIM_X_Updata_Immediately_Config
                0x00000000       0x10 ./Peripherals/src/kf32f_basic_atim.o
 .text$ATIM_Z_Updata_Immediately_Config
                0x00000000       0x10 ./Peripherals/src/kf32f_basic_atim.o
 .text$ATIM_X_Updata_Output_Ctl
                0x00000000       0x10 ./Peripherals/src/kf32f_basic_atim.o
 .text$ATIM_Z_Updata_Output_Ctl
                0x00000000       0x10 ./Peripherals/src/kf32f_basic_atim.o
 .text$ATIM_X_Updata_Enable
                0x00000000       0x10 ./Peripherals/src/kf32f_basic_atim.o
 .text$ATIM_Z_Updata_Enable
                0x00000000       0x10 ./Peripherals/src/kf32f_basic_atim.o
 .text$ATIM_X_Set_Updata_Counter
                0x00000000        0x8 ./Peripherals/src/kf32f_basic_atim.o
 .text$ATIM_Z_Set_Updata_Counter
                0x00000000        0x8 ./Peripherals/src/kf32f_basic_atim.o
 .text$ATIM_X_Slave_Mode_Config
                0x00000000       0x12 ./Peripherals/src/kf32f_basic_atim.o
 .text$ATIM_Z_Slave_Mode_Config
                0x00000000       0x14 ./Peripherals/src/kf32f_basic_atim.o
 .text$ATIM_Master_Mode_Config
                0x00000000       0x10 ./Peripherals/src/kf32f_basic_atim.o
 .text$ATIM_Master_Slave_Snyc_Enable
                0x00000000       0x10 ./Peripherals/src/kf32f_basic_atim.o
 .text$ATIM_Trigger_Select_Config
                0x00000000       0x14 ./Peripherals/src/kf32f_basic_atim.o
 .text$ATIM_Timer_Unite_Enable
                0x00000000       0x10 ./Peripherals/src/kf32f_basic_atim.o
 .text$ATIM_X_Get_Counter
                0x00000000        0x6 ./Peripherals/src/kf32f_basic_atim.o
 .text$ATIM_Z_Get_Counter
                0x00000000        0x6 ./Peripherals/src/kf32f_basic_atim.o
 .text$ATIM_X_Get_Period
                0x00000000        0x6 ./Peripherals/src/kf32f_basic_atim.o
 .text$ATIM_Z_Get_Period
                0x00000000        0x6 ./Peripherals/src/kf32f_basic_atim.o
 .text$ATIM_X_Get_Prescaler
                0x00000000        0x6 ./Peripherals/src/kf32f_basic_atim.o
 .text$ATIM_Z_Get_Prescaler
                0x00000000        0x6 ./Peripherals/src/kf32f_basic_atim.o
 .text$ATIM_X_Updata_INT_Enable
                0x00000000       0x10 ./Peripherals/src/kf32f_basic_atim.o
 .text$ATIM_Z_Updata_INT_Enable
                0x00000000       0x10 ./Peripherals/src/kf32f_basic_atim.o
 .text$ATIM_X_Overflow_INT_Enable
                0x00000000       0x10 ./Peripherals/src/kf32f_basic_atim.o
 .text$ATIM_Z_Overflow_INT_Enable
                0x00000000       0x10 ./Peripherals/src/kf32f_basic_atim.o
 .text$ATIM_X_Trigger_INT_Enable
                0x00000000       0x10 ./Peripherals/src/kf32f_basic_atim.o
 .text$ATIM_X_Updata_DMA_Enable
                0x00000000       0x10 ./Peripherals/src/kf32f_basic_atim.o
 .text$ATIM_Z_Updata_DMA_Enable
                0x00000000       0x10 ./Peripherals/src/kf32f_basic_atim.o
 .text$ATIM_X_Trigger_DMA_Enable
                0x00000000       0x10 ./Peripherals/src/kf32f_basic_atim.o
 .text$ATIM_X_Get_Updata_INT_Flag
                0x00000000        0xc ./Peripherals/src/kf32f_basic_atim.o
 .text$ATIM_Z_Get_Updata_INT_Flag
                0x00000000        0xc ./Peripherals/src/kf32f_basic_atim.o
 .text$ATIM_X_Get_Overflow_INT_Flag
                0x00000000        0xc ./Peripherals/src/kf32f_basic_atim.o
 .text$ATIM_Z_Get_Overflow_INT_Flag
                0x00000000        0xc ./Peripherals/src/kf32f_basic_atim.o
 .text$ATIM_X_Get_Trigger_INT_Flag
                0x00000000        0xc ./Peripherals/src/kf32f_basic_atim.o
 .text$ATIM_X_Generate_Trigger_Config
                0x00000000       0x10 ./Peripherals/src/kf32f_basic_atim.o
 .text$ATIM_X_Get_Updata_DMA_INT_Flag
                0x00000000        0xc ./Peripherals/src/kf32f_basic_atim.o
 .text$ATIM_Z_Get_Updata_DMA_INT_Flag
                0x00000000        0xc ./Peripherals/src/kf32f_basic_atim.o
 .text$ATIM_X_Get_Trigger_DMA_INT_Flag
                0x00000000        0xc ./Peripherals/src/kf32f_basic_atim.o
 .text$ATIM_X_Clear_Updata_INT_Flag
                0x00000000       0x1a ./Peripherals/src/kf32f_basic_atim.o
 .text$ATIM_Z_Clear_Updata_INT_Flag
                0x00000000       0x1a ./Peripherals/src/kf32f_basic_atim.o
 .text$ATIM_X_Clear_Overflow_INT_Flag
                0x00000000       0x1a ./Peripherals/src/kf32f_basic_atim.o
 .text$ATIM_Z_Clear_Overflow_INT_Flag
                0x00000000       0x1a ./Peripherals/src/kf32f_basic_atim.o
 .text$ATIM_X_Clear_Trigger_INT_Flag
                0x00000000       0x1a ./Peripherals/src/kf32f_basic_atim.o
 .text$ECCP_Compare_Configuration
                0x00000000       0x22 ./Peripherals/src/kf32f_basic_atim.o
 .text$ECCP_Capture_Configuration
                0x00000000       0x2e ./Peripherals/src/kf32f_basic_atim.o
 .text$ECCP_Capture_Struct_Init
                0x00000000        0xc ./Peripherals/src/kf32f_basic_atim.o
 .text$ECCP_PWM_Configuration
                0x00000000       0xa8 ./Peripherals/src/kf32f_basic_atim.o
 .text$ECCP_PWM_Struct_Init
                0x00000000       0x18 ./Peripherals/src/kf32f_basic_atim.o
 .text$ECCP_Capture_Mode_Config
                0x00000000       0x16 ./Peripherals/src/kf32f_basic_atim.o
 .text$ECCP_Compare_Mode_Config
                0x00000000       0x16 ./Peripherals/src/kf32f_basic_atim.o
 .text$ECCP_PWM_Mode_Config
                0x00000000       0x10 ./Peripherals/src/kf32f_basic_atim.o
 .text$ECCP_Get_Capture_Result
                0x00000000        0xc ./Peripherals/src/kf32f_basic_atim.o
 .text$ECCP_Get_Compare_Result
                0x00000000        0xc ./Peripherals/src/kf32f_basic_atim.o
 .text$ECCP_Set_Compare_Result
                0x00000000        0xc ./Peripherals/src/kf32f_basic_atim.o
 .text$ECCP_Generate_Trigger_Config
                0x00000000       0x1a ./Peripherals/src/kf32f_basic_atim.o
 .text$ECCP_PWM_Input_Enable
                0x00000000       0x10 ./Peripherals/src/kf32f_basic_atim.o
 .text$ECCP_Input_XOR_Enable
                0x00000000       0x10 ./Peripherals/src/kf32f_basic_atim.o
 .text$ECCP_Single_Pulse_Enable
                0x00000000       0x10 ./Peripherals/src/kf32f_basic_atim.o
 .text$ECCP_Single_Pulse_Shut_Enable
                0x00000000       0x10 ./Peripherals/src/kf32f_basic_atim.o
 .text$ECCP_PWM_Restart_Enable
                0x00000000       0x10 ./Peripherals/src/kf32f_basic_atim.o
 .text$ECCP_Dead_Time_Config
                0x00000000       0x28 ./Peripherals/src/kf32f_basic_atim.o
 .text$ECCP_Channel_Output_Control
                0x00000000       0x18 ./Peripherals/src/kf32f_basic_atim.o
 .text$ECCP_Channel_Output_Mode
                0x00000000       0x18 ./Peripherals/src/kf32f_basic_atim.o
 .text$ECCP_Channel_Work_State_Config
                0x00000000       0x18 ./Peripherals/src/kf32f_basic_atim.o
 .text$ECCP_Get_Channel_Work_State
                0x00000000       0x16 ./Peripherals/src/kf32f_basic_atim.o
 .text$ECCP_CHANNEL4_Shutdown_SEL
                0x00000000        0xe ./Peripherals/src/kf32f_basic_atim.o
 .text$ECCP_Channel_Shutdown_Signal
                0x00000000       0x16 ./Peripherals/src/kf32f_basic_atim.o
 .text$ECCP_Channel_Pin_Ctl
                0x00000000       0x20 ./Peripherals/src/kf32f_basic_atim.o
 .text$ECCP_Zero_Clock_Config
                0x00000000       0x14 ./Peripherals/src/kf32f_basic_atim.o
 .text$ECCP_Channel_Pin_Tristate_Enable
                0x00000000       0x1a ./Peripherals/src/kf32f_basic_atim.o
 .text$ECCP_Channel_INT_Enable
                0x00000000       0x1a ./Peripherals/src/kf32f_basic_atim.o
 .text$ECCP_X_Turn_off_DMA_Enable
                0x00000000       0x10 ./Peripherals/src/kf32f_basic_atim.o
 .text$ECCP_Channel_DMA_Enable
                0x00000000       0x1a ./Peripherals/src/kf32f_basic_atim.o
 .text$ECCP_Get_Channel_Trigger_INT_Flag
                0x00000000       0x14 ./Peripherals/src/kf32f_basic_atim.o
 .text$ECCP_X_Get_Turn_off_DMA_Flag
                0x00000000        0xc ./Peripherals/src/kf32f_basic_atim.o
 .text$ECCP_Get_Trigger_DMA_INT_Flag
                0x00000000       0x14 ./Peripherals/src/kf32f_basic_atim.o
 .text$ECCP_Clear_Channel_INT_Flag
                0x00000000       0x2a ./Peripherals/src/kf32f_basic_atim.o
 .text$ECCP_PWM_Move_Phase_Enable
                0x00000000       0x10 ./Peripherals/src/kf32f_basic_atim.o
 .text$ECCP_Channel_Zero_Detect_Sequential_Ctl
                0x00000000       0x16 ./Peripherals/src/kf32f_basic_atim.o
 .text$ECCP_Get_Channel_Zero_Detection_State
                0x00000000       0x14 ./Peripherals/src/kf32f_basic_atim.o
 .text$ECCP_Clear_Channel_Zero_Detection_State
                0x00000000       0x10 ./Peripherals/src/kf32f_basic_atim.o
 .text$ECCP_Channel_Zero_Detect_Enable
                0x00000000       0x18 ./Peripherals/src/kf32f_basic_atim.o
 .text$ECCP_Channel_Zero_Voltage_Config
                0x00000000       0x1a ./Peripherals/src/kf32f_basic_atim.o
 .comment       0x00000000       0x27 ./Peripherals/src/kf32f_basic_atim.o
 .text          0x00000000        0x0 ./Peripherals/src/kf32f_basic_bkp.o
 .data          0x00000000        0x0 ./Peripherals/src/kf32f_basic_bkp.o
 .bss           0x00000000        0x0 ./Peripherals/src/kf32f_basic_bkp.o
 .text$BKP_Reset
                0x00000000        0xc ./Peripherals/src/kf32f_basic_bkp.o
 .text$BKP_Write_And_Read_Enable
                0x00000000       0xe8 ./Peripherals/src/kf32f_basic_bkp.o
 .text$BKP_Reset_Enable
                0x00000000       0x14 ./Peripherals/src/kf32f_basic_bkp.o
 .text$BKP_Pin_Effective_Level_Config
                0x00000000       0x22 ./Peripherals/src/kf32f_basic_bkp.o
 .text$BKP_Pin_Enable
                0x00000000       0x22 ./Peripherals/src/kf32f_basic_bkp.o
 .text$BKP_TAMP_SYNC_Mode_Select
                0x00000000       0x14 ./Peripherals/src/kf32f_basic_bkp.o
 .text$BKP_TAMP_SCK_Select
                0x00000000       0x14 ./Peripherals/src/kf32f_basic_bkp.o
 .text$BKP_RTC_Clock_Config
                0x00000000       0x14 ./Peripherals/src/kf32f_basic_bkp.o
 .text$BKP_External_Clock_Bypass_Enable
                0x00000000       0x1e ./Peripherals/src/kf32f_basic_bkp.o
 .text$BKP_Data_Config
                0x00000000       0x10 ./Peripherals/src/kf32f_basic_bkp.o
 .text$BKP_Get_Data
                0x00000000       0x10 ./Peripherals/src/kf32f_basic_bkp.o
 .text$BKP_Pin_TAMP_INT_Enable
                0x00000000       0x22 ./Peripherals/src/kf32f_basic_bkp.o
 .text$BKP_Get_Pin_TAMP_INT_Flag
                0x00000000       0x1c ./Peripherals/src/kf32f_basic_bkp.o
 .text$BKP_Clear_Pin_TAMP_INT_Flag
                0x00000000       0x30 ./Peripherals/src/kf32f_basic_bkp.o
 .data$static$pmwrenbkp.1938
                0x00000000        0x4 ./Peripherals/src/kf32f_basic_bkp.o
 .data$static$bkpregclrbkp.1939
                0x00000000        0x4 ./Peripherals/src/kf32f_basic_bkp.o
 .data$static$bkpwrbkp.1940
                0x00000000        0x4 ./Peripherals/src/kf32f_basic_bkp.o
 .comment       0x00000000       0x27 ./Peripherals/src/kf32f_basic_bkp.o
 .text          0x00000000        0x0 ./Peripherals/src/kf32f_basic_btim.o
 .data          0x00000000        0x0 ./Peripherals/src/kf32f_basic_btim.o
 .bss           0x00000000        0x0 ./Peripherals/src/kf32f_basic_btim.o
 .text$TIM_Reset
                0x00000000      0x252 ./Peripherals/src/kf32f_basic_btim.o
 .text$BTIM_Configuration
                0x00000000       0x48 ./Peripherals/src/kf32f_basic_btim.o
 .text$BTIM_Struct_Init
                0x00000000       0x20 ./Peripherals/src/kf32f_basic_btim.o
 .text$BTIM_Cmd
                0x00000000        0xe ./Peripherals/src/kf32f_basic_btim.o
 .text$BTIM_Set_Counter
                0x00000000        0x6 ./Peripherals/src/kf32f_basic_btim.o
 .text$BTIM_Set_Period
                0x00000000        0x6 ./Peripherals/src/kf32f_basic_btim.o
 .text$BTIM_Set_Prescaler
                0x00000000        0x6 ./Peripherals/src/kf32f_basic_btim.o
 .text$BTIM_Counter_Mode_Config
                0x00000000       0x10 ./Peripherals/src/kf32f_basic_btim.o
 .text$BTIM_Clock_Config
                0x00000000        0xc ./Peripherals/src/kf32f_basic_btim.o
 .text$BTIM_External_Pulse_Sync_Config
                0x00000000        0xe ./Peripherals/src/kf32f_basic_btim.o
 .text$BTIM_Work_Mode_Config
                0x00000000        0xe ./Peripherals/src/kf32f_basic_btim.o
 .text$BTIM_Generate_Trigger_Config
                0x00000000        0xe ./Peripherals/src/kf32f_basic_btim.o
 .text$BTIM_Single_Pulse_Enable
                0x00000000        0xe ./Peripherals/src/kf32f_basic_btim.o
 .text$BTIM_Single_Pulse_Shut_Enable
                0x00000000        0xe ./Peripherals/src/kf32f_basic_btim.o
 .text$BTIM_Updata_Immediately_Config
                0x00000000        0xe ./Peripherals/src/kf32f_basic_btim.o
 .text$BTIM_Master_Slave_Snyc_Config
                0x00000000        0xe ./Peripherals/src/kf32f_basic_btim.o
 .text$BTIM_Trigger_Select_Config
                0x00000000       0x10 ./Peripherals/src/kf32f_basic_btim.o
 .text$BTIM_Slave_Mode_Config
                0x00000000        0xe ./Peripherals/src/kf32f_basic_btim.o
 .text$BTIM_Master_Mode_Config
                0x00000000        0xc ./Peripherals/src/kf32f_basic_btim.o
 .text$BTIM_Updata_Rising_Edge_Config
                0x00000000        0xe ./Peripherals/src/kf32f_basic_btim.o
 .text$BTIM_Updata_Enable
                0x00000000        0xe ./Peripherals/src/kf32f_basic_btim.o
 .text$BTIM_Get_Direction
                0x00000000        0xa ./Peripherals/src/kf32f_basic_btim.o
 .text$BTIM_Get_Counter
                0x00000000        0x6 ./Peripherals/src/kf32f_basic_btim.o
 .text$BTIM_Get_Period
                0x00000000        0x6 ./Peripherals/src/kf32f_basic_btim.o
 .text$BTIM_Get_Prescaler
                0x00000000        0x6 ./Peripherals/src/kf32f_basic_btim.o
 .text$BTIM_Trigger_DMA_Enable
                0x00000000        0xe ./Peripherals/src/kf32f_basic_btim.o
 .text$BTIM_Updata_DMA_Enable
                0x00000000        0xe ./Peripherals/src/kf32f_basic_btim.o
 .text$BTIM_Overflow_INT_Enable
                0x00000000        0xe ./Peripherals/src/kf32f_basic_btim.o
 .text$BTIM_Trigger_INT_Enable
                0x00000000        0xe ./Peripherals/src/kf32f_basic_btim.o
 .text$BTIM_Updata_INT_Enable
                0x00000000        0xe ./Peripherals/src/kf32f_basic_btim.o
 .text$BTIM_Get_Trigger_DMA_INT_Status
                0x00000000        0xa ./Peripherals/src/kf32f_basic_btim.o
 .text$BTIM_Get_Updata_DMA_INT_Status
                0x00000000        0xa ./Peripherals/src/kf32f_basic_btim.o
 .text$BTIM_Get_Overflow_INT_Status
                0x00000000        0xa ./Peripherals/src/kf32f_basic_btim.o
 .text$BTIM_Get_Trigger_INT_Status
                0x00000000        0xa ./Peripherals/src/kf32f_basic_btim.o
 .text$BTIM_Get_Updata_INT_Status
                0x00000000        0x8 ./Peripherals/src/kf32f_basic_btim.o
 .text$BTIM_Get_Trigger_DMA_INT_Flag
                0x00000000        0xa ./Peripherals/src/kf32f_basic_btim.o
 .text$BTIM_Get_Updata_DMA_INT_Flag
                0x00000000        0xa ./Peripherals/src/kf32f_basic_btim.o
 .text$BTIM_Get_Overflow_INT_Flag
                0x00000000        0xa ./Peripherals/src/kf32f_basic_btim.o
 .text$BTIM_Get_Trigger_INT_Flag
                0x00000000        0xa ./Peripherals/src/kf32f_basic_btim.o
 .text$BTIM_Get_Updata_INT_Flag
                0x00000000        0x8 ./Peripherals/src/kf32f_basic_btim.o
 .text$BTIM_Clear_Overflow_INT_Flag
                0x00000000       0x12 ./Peripherals/src/kf32f_basic_btim.o
 .text$BTIM_Clear_Trigger_INT_Flag
                0x00000000       0x12 ./Peripherals/src/kf32f_basic_btim.o
 .text$BTIM_Clear_Updata_INT_Flag
                0x00000000       0x12 ./Peripherals/src/kf32f_basic_btim.o
 .comment       0x00000000       0x27 ./Peripherals/src/kf32f_basic_btim.o
 .text          0x00000000        0x0 ./Peripherals/src/kf32f_basic_cfgl.o
 .data          0x00000000        0x0 ./Peripherals/src/kf32f_basic_cfgl.o
 .bss           0x00000000        0x0 ./Peripherals/src/kf32f_basic_cfgl.o
 .text$CFGL_Reset
                0x00000000       0x24 ./Peripherals/src/kf32f_basic_cfgl.o
 .text$CFGL_Configuration
                0x00000000      0x130 ./Peripherals/src/kf32f_basic_cfgl.o
 .text$CFGL_Struct_Init
                0x00000000       0x9c ./Peripherals/src/kf32f_basic_cfgl.o
 .text$CFGL2_OUT_SYNCHRO_Enable
                0x00000000       0x14 ./Peripherals/src/kf32f_basic_cfgl.o
 .text$CFGL1_OUT_SYNCHRO_Enable
                0x00000000       0x14 ./Peripherals/src/kf32f_basic_cfgl.o
 .text$CFGL2_FALLINT_Enable
                0x00000000       0x24 ./Peripherals/src/kf32f_basic_cfgl.o
 .text$CFGL2_RISEINT_Enable
                0x00000000       0x24 ./Peripherals/src/kf32f_basic_cfgl.o
 .text$CFGL1_FALLINT_Enable
                0x00000000       0x24 ./Peripherals/src/kf32f_basic_cfgl.o
 .text$CFGL1_RISEINT_Enable
                0x00000000       0x24 ./Peripherals/src/kf32f_basic_cfgl.o
 .text$CFGL1_Get_INT_Flag
                0x00000000       0x10 ./Peripherals/src/kf32f_basic_cfgl.o
 .text$CFGL2_Get_INT_Flag
                0x00000000       0x10 ./Peripherals/src/kf32f_basic_cfgl.o
 .text$CFGL1_Clear_RISEINT_Flag
                0x00000000       0x20 ./Peripherals/src/kf32f_basic_cfgl.o
 .text$CFGL1_Clear_FALLINT_Flag
                0x00000000       0x20 ./Peripherals/src/kf32f_basic_cfgl.o
 .text$CFGL1_Clear_RISEFALLINT_Flag
                0x00000000       0x24 ./Peripherals/src/kf32f_basic_cfgl.o
 .text$CFGL2_Clear_RISEINT_Flag
                0x00000000       0x1c ./Peripherals/src/kf32f_basic_cfgl.o
 .text$CFGL2_Clear_RISEFALLINT_Flag
                0x00000000       0x20 ./Peripherals/src/kf32f_basic_cfgl.o
 .text$CFGL2_Clear_FALLINT_Flag
                0x00000000       0x1c ./Peripherals/src/kf32f_basic_cfgl.o
 .text$CFGL2_OUT_STATE
                0x00000000       0x10 ./Peripherals/src/kf32f_basic_cfgl.o
 .text$CFGL1_OUT_STATE
                0x00000000       0x10 ./Peripherals/src/kf32f_basic_cfgl.o
 .comment       0x00000000       0x27 ./Peripherals/src/kf32f_basic_cfgl.o
 .text          0x00000000        0x0 ./Peripherals/src/kf32f_basic_cmp.o
 .data          0x00000000        0x0 ./Peripherals/src/kf32f_basic_cmp.o
 .bss           0x00000000        0x0 ./Peripherals/src/kf32f_basic_cmp.o
 .text$CMP_Reset
                0x00000000       0x24 ./Peripherals/src/kf32f_basic_cmp.o
 .text$CMP_Configuration
                0x00000000      0x198 ./Peripherals/src/kf32f_basic_cmp.o
 .text$CMP_Struct_Init
                0x00000000       0x1a ./Peripherals/src/kf32f_basic_cmp.o
 .text$CMP0_POSITIVE_INPUT_SELECT
                0x00000000       0x18 ./Peripherals/src/kf32f_basic_cmp.o
 .text$CMP0_NEGATIVE_INPUT_SELECT
                0x00000000       0x18 ./Peripherals/src/kf32f_basic_cmp.o
 .text$CMP1_POSITIVE_INPUT_SELECT
                0x00000000       0x18 ./Peripherals/src/kf32f_basic_cmp.o
 .text$CMP1_NEGATIVE_INPUT_SELECT
                0x00000000       0x18 ./Peripherals/src/kf32f_basic_cmp.o
 .text$CMP2_POSITIVE_INPUT_SELECT
                0x00000000       0x18 ./Peripherals/src/kf32f_basic_cmp.o
 .text$CMP2_NEGATIVE_INPUT_SELECT
                0x00000000       0x18 ./Peripherals/src/kf32f_basic_cmp.o
 .text$CMP3_POSITIVE_INPUT_SELECT
                0x00000000       0x2c ./Peripherals/src/kf32f_basic_cmp.o
 .text$CMP3_NEGATIVE_INPUT_SELECT
                0x00000000       0x18 ./Peripherals/src/kf32f_basic_cmp.o
 .text$CMP0_OUTPUT_POL_SELECT
                0x00000000       0x10 ./Peripherals/src/kf32f_basic_cmp.o
 .text$CMP1_OUTPUT_POL_SELECT
                0x00000000       0x10 ./Peripherals/src/kf32f_basic_cmp.o
 .text$CMP2_OUTPUT_POL_SELECT
                0x00000000       0x10 ./Peripherals/src/kf32f_basic_cmp.o
 .text$CMP3_OUTPUT_POL_SELECT
                0x00000000       0x10 ./Peripherals/src/kf32f_basic_cmp.o
 .text$CMP_OUTPUT_SELECT
                0x00000000       0x14 ./Peripherals/src/kf32f_basic_cmp.o
 .text$CMP0_Cmd
                0x00000000       0x14 ./Peripherals/src/kf32f_basic_cmp.o
 .text$CMP1_Cmd
                0x00000000       0x14 ./Peripherals/src/kf32f_basic_cmp.o
 .text$CMP2_Cmd
                0x00000000       0x14 ./Peripherals/src/kf32f_basic_cmp.o
 .text$CMP3_Cmd
                0x00000000       0x14 ./Peripherals/src/kf32f_basic_cmp.o
 .text$CMP0_Read_Output_State
                0x00000000       0x10 ./Peripherals/src/kf32f_basic_cmp.o
 .text$CMP1_Read_Output_State
                0x00000000       0x10 ./Peripherals/src/kf32f_basic_cmp.o
 .text$CMP2_Read_Output_State
                0x00000000       0x10 ./Peripherals/src/kf32f_basic_cmp.o
 .text$CMP3_Read_Output_State
                0x00000000        0xc ./Peripherals/src/kf32f_basic_cmp.o
 .text$CMP0_Get_Updata_INT_Flag
                0x00000000       0x10 ./Peripherals/src/kf32f_basic_cmp.o
 .text$CMP1_Get_Updata_INT_Flag
                0x00000000       0x10 ./Peripherals/src/kf32f_basic_cmp.o
 .text$CMP2_Get_Updata_INT_Flag
                0x00000000       0x10 ./Peripherals/src/kf32f_basic_cmp.o
 .text$CMP3_Get_Updata_INT_Flag
                0x00000000       0x10 ./Peripherals/src/kf32f_basic_cmp.o
 .text$CMP_Trigger_Select_Config
                0x00000000       0x10 ./Peripherals/src/kf32f_basic_cmp.o
 .text$CMP0_Clear_Trigger_INT_Flag
                0x00000000       0x1c ./Peripherals/src/kf32f_basic_cmp.o
 .text$CMP1_Clear_Trigger_INT_Flag
                0x00000000       0x1c ./Peripherals/src/kf32f_basic_cmp.o
 .text$CMP2_Clear_Trigger_INT_Flag
                0x00000000       0x1c ./Peripherals/src/kf32f_basic_cmp.o
 .text$CMP3_Clear_Trigger_INT_Flag
                0x00000000       0x1c ./Peripherals/src/kf32f_basic_cmp.o
 .text$CMP0_INT_Enable
                0x00000000       0x14 ./Peripherals/src/kf32f_basic_cmp.o
 .text$CMP1_INT_Enable
                0x00000000       0x14 ./Peripherals/src/kf32f_basic_cmp.o
 .text$CMP2_INT_Enable
                0x00000000       0x14 ./Peripherals/src/kf32f_basic_cmp.o
 .text$CMP3_INT_Enable
                0x00000000       0x14 ./Peripherals/src/kf32f_basic_cmp.o
 .text$CMP_SluggishVoltage_Select
                0x00000000       0x14 ./Peripherals/src/kf32f_basic_cmp.o
 .text$CMP_HALLMODE_Select
                0x00000000       0x10 ./Peripherals/src/kf32f_basic_cmp.o
 .text$CMP_BEMF_Enable
                0x00000000       0x14 ./Peripherals/src/kf32f_basic_cmp.o
 .text$CMP_FLTINSEL_Select
                0x00000000       0x10 ./Peripherals/src/kf32f_basic_cmp.o
 .comment       0x00000000       0x27 ./Peripherals/src/kf32f_basic_cmp.o
 .text          0x00000000        0x0 ./Peripherals/src/kf32f_basic_crc.o
 .data          0x00000000        0x0 ./Peripherals/src/kf32f_basic_crc.o
 .bss           0x00000000        0x0 ./Peripherals/src/kf32f_basic_crc.o
 .text$CRC_Reset
                0x00000000       0x24 ./Peripherals/src/kf32f_basic_crc.o
 .text$CRC_Configuration
                0x00000000       0x24 ./Peripherals/src/kf32f_basic_crc.o
 .text$CRC_Struct_Init
                0x00000000        0xc ./Peripherals/src/kf32f_basic_crc.o
 .text$CRC_INPUT_DATA
                0x00000000        0xc ./Peripherals/src/kf32f_basic_crc.o
 .text$CRC_GET_RESULT
                0x00000000        0xc ./Peripherals/src/kf32f_basic_crc.o
 .text$CRC_SET_INITVALUE
                0x00000000        0xc ./Peripherals/src/kf32f_basic_crc.o
 .text$CRC_SET_PLN
                0x00000000        0xc ./Peripherals/src/kf32f_basic_crc.o
 .text$CRC_SET_RXOR
                0x00000000        0xc ./Peripherals/src/kf32f_basic_crc.o
 .text$CRC_SET_IDATA
                0x00000000        0xc ./Peripherals/src/kf32f_basic_crc.o
 .text$CRC_GET_TEMP
                0x00000000        0xc ./Peripherals/src/kf32f_basic_crc.o
 .text$CRC_SET_RSET
                0x00000000       0x10 ./Peripherals/src/kf32f_basic_crc.o
 .comment       0x00000000       0x27 ./Peripherals/src/kf32f_basic_crc.o
 .text          0x00000000        0x0 ./Peripherals/src/kf32f_basic_dac.o
 .data          0x00000000        0x0 ./Peripherals/src/kf32f_basic_dac.o
 .bss           0x00000000        0x0 ./Peripherals/src/kf32f_basic_dac.o
 .text$DAC_Reset
                0x00000000       0x5e ./Peripherals/src/kf32f_basic_dac.o
 .text$DAC_Configuration
                0x00000000       0x54 ./Peripherals/src/kf32f_basic_dac.o
 .text$DAC_Struct_Init
                0x00000000       0x1a ./Peripherals/src/kf32f_basic_dac.o
 .text$DAC_Cmd  0x00000000        0xc ./Peripherals/src/kf32f_basic_dac.o
 .text$DAC_Software_Trigger_Cmd
                0x00000000        0xc ./Peripherals/src/kf32f_basic_dac.o
 .text$DAC_DMA_Cmd
                0x00000000        0xc ./Peripherals/src/kf32f_basic_dac.o
 .text$DAC_Output_Buffer_Config
                0x00000000        0xe ./Peripherals/src/kf32f_basic_dac.o
 .text$DAC_Output_Port_Config
                0x00000000        0xe ./Peripherals/src/kf32f_basic_dac.o
 .text$DAC_Write_Output_Data
                0x00000000        0x4 ./Peripherals/src/kf32f_basic_dac.o
 .text$DAC_Read_Output_Data
                0x00000000        0xc ./Peripherals/src/kf32f_basic_dac.o
 .text$DAC_Calibration_Config
                0x00000000       0x2c ./Peripherals/src/kf32f_basic_dac.o
 .text$DAC_Calibration_Struct_Init
                0x00000000        0xe ./Peripherals/src/kf32f_basic_dac.o
 .comment       0x00000000       0x27 ./Peripherals/src/kf32f_basic_dac.o
 .text          0x00000000        0x0 ./Peripherals/src/kf32f_basic_dma.o
 .data          0x00000000        0x0 ./Peripherals/src/kf32f_basic_dma.o
 .bss           0x00000000        0x0 ./Peripherals/src/kf32f_basic_dma.o
 .text$DMA_Reset
                0x00000000       0x5e ./Peripherals/src/kf32f_basic_dma.o
 .text$DMA_Configuration
                0x00000000       0x5c ./Peripherals/src/kf32f_basic_dma.o
 .text$DMA_Struct_Init
                0x00000000       0x1c ./Peripherals/src/kf32f_basic_dma.o
 .text$DMA_Transfer_Number_Config
                0x00000000        0xe ./Peripherals/src/kf32f_basic_dma.o
 .text$DMA_Memory_To_Memory_Enable
                0x00000000       0x10 ./Peripherals/src/kf32f_basic_dma.o
 .text$DMA_Channel_Priority_Config
                0x00000000       0x10 ./Peripherals/src/kf32f_basic_dma.o
 .text$DMA_Peripheral_Data_Width_Config
                0x00000000       0x10 ./Peripherals/src/kf32f_basic_dma.o
 .text$DMA_Memory_Data_Width_Config
                0x00000000       0x10 ./Peripherals/src/kf32f_basic_dma.o
 .text$DMA_Peripheral_addr_increase_Enable
                0x00000000       0x10 ./Peripherals/src/kf32f_basic_dma.o
 .text$DMA_Memory_addr_increase_Enable
                0x00000000       0x10 ./Peripherals/src/kf32f_basic_dma.o
 .text$DMA_Loop_Mode_Enable
                0x00000000       0x10 ./Peripherals/src/kf32f_basic_dma.o
 .text$DMA_Transfer_Direction_Config
                0x00000000       0x10 ./Peripherals/src/kf32f_basic_dma.o
 .text$DMA_Transfer_Mode_Config
                0x00000000       0x10 ./Peripherals/src/kf32f_basic_dma.o
 .text$DMA_Oneshot_Enable
                0x00000000       0x10 ./Peripherals/src/kf32f_basic_dma.o
 .text$DMA_Channel_Enable
                0x00000000       0x10 ./Peripherals/src/kf32f_basic_dma.o
 .text$DMA_Peripheral_Start_Address_Config
                0x00000000        0x8 ./Peripherals/src/kf32f_basic_dma.o
 .text$DMA_Memory_Start_Address_Config
                0x00000000        0x8 ./Peripherals/src/kf32f_basic_dma.o
 .text$DMA_Get_Peripheral_Current_Address
                0x00000000        0x8 ./Peripherals/src/kf32f_basic_dma.o
 .text$DMA_Get_Memory_Current_Address
                0x00000000        0x8 ./Peripherals/src/kf32f_basic_dma.o
 .text$DMA_Get_Transfer_Number_Remain
                0x00000000        0xa ./Peripherals/src/kf32f_basic_dma.o
 .text$DMA_Get_INT_Flag
                0x00000000       0x18 ./Peripherals/src/kf32f_basic_dma.o
 .text$DMA_Clear_INT_Flag
                0x00000000       0x14 ./Peripherals/src/kf32f_basic_dma.o
 .text$DMA_Set_INT_Enable
                0x00000000       0x20 ./Peripherals/src/kf32f_basic_dma.o
 .text$DMA_Get_Error_Transfer_INT_Flag
                0x00000000       0x1a ./Peripherals/src/kf32f_basic_dma.o
 .text$DMA_Get_Half_Transfer_INT_Flag
                0x00000000       0x1a ./Peripherals/src/kf32f_basic_dma.o
 .text$DMA_Get_Finish_Transfer_INT_Flag
                0x00000000       0x1a ./Peripherals/src/kf32f_basic_dma.o
 .text$DMA_Error_Transfer_INT_Enable
                0x00000000       0x20 ./Peripherals/src/kf32f_basic_dma.o
 .text$DMA_Half_Transfer_INT_Enable
                0x00000000       0x20 ./Peripherals/src/kf32f_basic_dma.o
 .text$DMA_Finish_Transfer_INT_Enable
                0x00000000       0x20 ./Peripherals/src/kf32f_basic_dma.o
 .comment       0x00000000       0x27 ./Peripherals/src/kf32f_basic_dma.o
 .text          0x00000000        0x0 ./Peripherals/src/kf32f_basic_flash.o
 .data          0x00000000        0x0 ./Peripherals/src/kf32f_basic_flash.o
 .bss           0x00000000        0x0 ./Peripherals/src/kf32f_basic_flash.o
 .indata$CHECK_RESTRICTION_RAM
                0x00000000        0x8 ./Peripherals/src/kf32f_basic_flash.o
 .indata$FLASH_Get_NonVolatile_Memory_Unlock_Status_RAM
                0x00000000       0x10 ./Peripherals/src/kf32f_basic_flash.o
 .indata$FLASH_Clear_NonVolatile_Memory_Unlock_Status_RAM
                0x00000000       0x1c ./Peripherals/src/kf32f_basic_flash.o
 .text$FLASH_Clear_NonVolatile_Memory_Unlock_Status
                0x00000000       0x1c ./Peripherals/src/kf32f_basic_flash.o
 .indata$FLASH_Unlock_ISP_RAM
                0x00000000       0x18 ./Peripherals/src/kf32f_basic_flash.o
 .text$FLASH_Unlock_ISP
                0x00000000       0x18 ./Peripherals/src/kf32f_basic_flash.o
 .indata$FLASH_Get_Flash_Unlock_Status_RAM
                0x00000000       0x10 ./Peripherals/src/kf32f_basic_flash.o
 .indata$FLASH_Clear_Flash_Unlock_Status_RAM
                0x00000000       0x1c ./Peripherals/src/kf32f_basic_flash.o
 .text$FLASH_Clear_Flash_Unlock_Status
                0x00000000       0x1c ./Peripherals/src/kf32f_basic_flash.o
 .indata$FLASH_Unlock_Code_RAM
                0x00000000       0x18 ./Peripherals/src/kf32f_basic_flash.o
 .text$FLASH_Unlock_Code
                0x00000000       0x18 ./Peripherals/src/kf32f_basic_flash.o
 .indata$FLASH_Get_Config_Unlock_Status_RAM
                0x00000000       0x10 ./Peripherals/src/kf32f_basic_flash.o
 .indata$FLASH_Clear_Config_Unlock_Status_RAM
                0x00000000       0x1c ./Peripherals/src/kf32f_basic_flash.o
 .text$FLASH_Clear_Config_Unlock_Status
                0x00000000       0x1c ./Peripherals/src/kf32f_basic_flash.o
 .indata$FLASH_Unlock_User_Config_RAM
                0x00000000       0x18 ./Peripherals/src/kf32f_basic_flash.o
 .text$FLASH_Unlock_User_Config
                0x00000000       0x18 ./Peripherals/src/kf32f_basic_flash.o
 .indata$FLASH_Data_Write_Enable_RAM
                0x00000000       0x18 ./Peripherals/src/kf32f_basic_flash.o
 .indata$FLASH_Zone_Config_RAM
                0x00000000       0x20 ./Peripherals/src/kf32f_basic_flash.o
 .text$FLASH_Zone_Config
                0x00000000       0x14 ./Peripherals/src/kf32f_basic_flash.o
 .indata$FLASH_Standby_Mode_Config_RAM
                0x00000000       0x30 ./Peripherals/src/kf32f_basic_flash.o
 .indata$FLASH_Read_Mode_Config_RAM
                0x00000000       0x20 ./Peripherals/src/kf32f_basic_flash.o
 .indata$FLASH_Calibration_Updata_Enable_RAM
                0x00000000       0x28 ./Peripherals/src/kf32f_basic_flash.o
 .indata$FLASH_Information_Zone_Wipe_Unlock_Config_RAM
                0x00000000       0x28 ./Peripherals/src/kf32f_basic_flash.o
 .indata$FLASH_Half_Page_Write_Size_Config_RAM
                0x00000000       0x24 ./Peripherals/src/kf32f_basic_flash.o
 .indata$FLASH_Program_Cmd_Config_RAM
                0x00000000       0x28 ./Peripherals/src/kf32f_basic_flash.o
 .indata$FLASH_Executive_Cmd_RAM
                0x00000000       0x1c ./Peripherals/src/kf32f_basic_flash.o
 .text$FLASH_Executive_Cmd
                0x00000000       0x1c ./Peripherals/src/kf32f_basic_flash.o
 .indata$FLASH_NonVolatile_Memory_ECC_Enable_RAM
                0x00000000       0x18 ./Peripherals/src/kf32f_basic_flash.o
 .indata$FLASH_Linear_Prefetch_Enable_RAM
                0x00000000       0x18 ./Peripherals/src/kf32f_basic_flash.o
 .indata$FLASH_Period_Number_Config_RAM
                0x00000000       0x20 ./Peripherals/src/kf32f_basic_flash.o
 .indata$FLASH_Program_Addr_Config_RAM
                0x00000000       0x20 ./Peripherals/src/kf32f_basic_flash.o
 .indata$FLASH_Get_Program_Status_RAM
                0x00000000       0x10 ./Peripherals/src/kf32f_basic_flash.o
 .text$FLASH_Get_Program_Status
                0x00000000       0x10 ./Peripherals/src/kf32f_basic_flash.o
 .indata$FLASH_Get_Wipe_Status_RAM
                0x00000000       0x10 ./Peripherals/src/kf32f_basic_flash.o
 .text$FLASH_Get_Wipe_Status
                0x00000000       0x10 ./Peripherals/src/kf32f_basic_flash.o
 .indata$FLASH_Get_Compute_Complete_Status_RAM
                0x00000000       0x10 ./Peripherals/src/kf32f_basic_flash.o
 .indata$FLASH_Clear_Compute_Complete_Status_RAM
                0x00000000       0x20 ./Peripherals/src/kf32f_basic_flash.o
 .indata$FLASH_Get_CFG_Error_Flag_RAM
                0x00000000       0x10 ./Peripherals/src/kf32f_basic_flash.o
 .indata$FLASH_Clear_CFG_Error_Flag_RAM
                0x00000000       0x20 ./Peripherals/src/kf32f_basic_flash.o
 .indata$FLASH_CheckSum_Addr_Config_RAM
                0x00000000       0x20 ./Peripherals/src/kf32f_basic_flash.o
 .indata$FLASH_Start_SIG_Compute_Enable_RAM
                0x00000000       0x18 ./Peripherals/src/kf32f_basic_flash.o
 .indata$FLASH_Get_CheckSum_Result_RAM
                0x00000000       0x18 ./Peripherals/src/kf32f_basic_flash.o
 .text$FLASH_Wipe_Configuration
                0x00000000       0xac ./Peripherals/src/kf32f_basic_flash.o
 .text$FLASH_Program_Configuration
                0x00000000      0x118 ./Peripherals/src/kf32f_basic_flash.o
 .indata$Read_Flash_or_CFR_RAM
                0x00000000       0x9c ./Peripherals/src/kf32f_basic_flash.o
 .text$Read_Flash_or_CFR
                0x00000000       0x9c ./Peripherals/src/kf32f_basic_flash.o
 .text$Read_Soft_Device_ID1
                0x00000000       0x14 ./Peripherals/src/kf32f_basic_flash.o
 .text$Read_Soft_Device_ID2
                0x00000000       0x14 ./Peripherals/src/kf32f_basic_flash.o
 .text$Read_Soft_Device_ID3
                0x00000000       0x14 ./Peripherals/src/kf32f_basic_flash.o
 .text$Read_Soft_Device_ID4
                0x00000000       0x14 ./Peripherals/src/kf32f_basic_flash.o
 .bss$comm$read_data
                0x00000000        0x4 ./Peripherals/src/kf32f_basic_flash.o
 .comment       0x00000000       0x27 ./Peripherals/src/kf32f_basic_flash.o
 .text          0x00000000        0x0 ./Peripherals/src/kf32f_basic_gpio.o
 .data          0x00000000        0x0 ./Peripherals/src/kf32f_basic_gpio.o
 .bss           0x00000000        0x0 ./Peripherals/src/kf32f_basic_gpio.o
 .text$GPIO_Reset
                0x00000000      0x128 ./Peripherals/src/kf32f_basic_gpio.o
 .text$GPIO_Pull_Up_Enable
                0x00000000       0x16 ./Peripherals/src/kf32f_basic_gpio.o
 .text$GPIO_Toggle_Pull_Up_Config
                0x00000000        0xa ./Peripherals/src/kf32f_basic_gpio.o
 .text$GPIO_Pull_Down_Enable
                0x00000000       0x16 ./Peripherals/src/kf32f_basic_gpio.o
 .text$GPIO_Toggle_Pull_Down_Config
                0x00000000        0xa ./Peripherals/src/kf32f_basic_gpio.o
 .text$GPIO_Open_Drain_Enable
                0x00000000       0x16 ./Peripherals/src/kf32f_basic_gpio.o
 .text$GPIO_Toggle_Open_Drain_Config
                0x00000000        0xa ./Peripherals/src/kf32f_basic_gpio.o
 .text$GPIO_Speed_Config
                0x00000000       0x2a ./Peripherals/src/kf32f_basic_gpio.o
 .text$GPIO_Toggle_Speed_Config
                0x00000000       0x20 ./Peripherals/src/kf32f_basic_gpio.o
 .text$GPIO_Read_Input_Data_Bit
                0x00000000        0xe ./Peripherals/src/kf32f_basic_gpio.o
 .text$GPIO_Read_Input_Data
                0x00000000        0x6 ./Peripherals/src/kf32f_basic_gpio.o
 .text$GPIO_Read_Output_Data_Bit
                0x00000000        0xe ./Peripherals/src/kf32f_basic_gpio.o
 .text$GPIO_Read_Output_Data
                0x00000000        0x6 ./Peripherals/src/kf32f_basic_gpio.o
 .text$GPIO_Set_Output_Data_Bits
                0x00000000       0x16 ./Peripherals/src/kf32f_basic_gpio.o
 .comment       0x00000000       0x27 ./Peripherals/src/kf32f_basic_gpio.o
 .text          0x00000000        0x0 ./Peripherals/src/kf32f_basic_gptim.o
 .data          0x00000000        0x0 ./Peripherals/src/kf32f_basic_gptim.o
 .bss           0x00000000        0x0 ./Peripherals/src/kf32f_basic_gptim.o
 .text$GPTIM_Configuration
                0x00000000       0x6a ./Peripherals/src/kf32f_basic_gptim.o
 .text$GPTIM_Struct_Init
                0x00000000       0x1e ./Peripherals/src/kf32f_basic_gptim.o
 .text$GPTIM_Cmd
                0x00000000        0xe ./Peripherals/src/kf32f_basic_gptim.o
 .text$GPTIM_Set_Counter
                0x00000000       0x1c ./Peripherals/src/kf32f_basic_gptim.o
 .text$GPTIM_Set_Period
                0x00000000       0x1c ./Peripherals/src/kf32f_basic_gptim.o
 .text$GPTIM_Set_Prescaler
                0x00000000       0x1c ./Peripherals/src/kf32f_basic_gptim.o
 .text$GPTIM_Counter_Mode_Config
                0x00000000       0x10 ./Peripherals/src/kf32f_basic_gptim.o
 .text$GPTIM_Clock_Config
                0x00000000        0xc ./Peripherals/src/kf32f_basic_gptim.o
 .text$GPTIM_External_Pulse_Sync_Config
                0x00000000        0xe ./Peripherals/src/kf32f_basic_gptim.o
 .text$GPTIM_Work_Mode_Config
                0x00000000        0xe ./Peripherals/src/kf32f_basic_gptim.o
 .text$GPTIM_Updata_Immediately_Config
                0x00000000        0xe ./Peripherals/src/kf32f_basic_gptim.o
 .text$GPTIM_Master_Slave_Snyc_Config
                0x00000000        0xe ./Peripherals/src/kf32f_basic_gptim.o
 .text$GPTIM_Trigger_Select_Config
                0x00000000       0x10 ./Peripherals/src/kf32f_basic_gptim.o
 .text$GPTIM_Slave_Mode_Config
                0x00000000        0xe ./Peripherals/src/kf32f_basic_gptim.o
 .text$GPTIM_Master_Mode_Config
                0x00000000        0xe ./Peripherals/src/kf32f_basic_gptim.o
 .text$GPTIM_Updata_Rising_Edge_Config
                0x00000000        0xe ./Peripherals/src/kf32f_basic_gptim.o
 .text$GPTIM_Updata_Enable
                0x00000000        0xe ./Peripherals/src/kf32f_basic_gptim.o
 .text$GPTIM_Trigger_DMA_Enable
                0x00000000        0xe ./Peripherals/src/kf32f_basic_gptim.o
 .text$GPTIM_Updata_DMA_Enable
                0x00000000        0xe ./Peripherals/src/kf32f_basic_gptim.o
 .text$GPTIM_Updata_INT_Enable
                0x00000000        0xe ./Peripherals/src/kf32f_basic_gptim.o
 .text$GPTIM_Trigger_INT_Enable
                0x00000000        0xe ./Peripherals/src/kf32f_basic_gptim.o
 .text$GPTIM_Generate_Trigger_Config
                0x00000000        0xe ./Peripherals/src/kf32f_basic_gptim.o
 .text$GPTIM_Get_Direction
                0x00000000        0xa ./Peripherals/src/kf32f_basic_gptim.o
 .text$GPTIM_Get_Counter
                0x00000000       0x20 ./Peripherals/src/kf32f_basic_gptim.o
 .text$GPTIM_Get_Period
                0x00000000       0x20 ./Peripherals/src/kf32f_basic_gptim.o
 .text$GPTIM_Get_Prescaler
                0x00000000       0x20 ./Peripherals/src/kf32f_basic_gptim.o
 .text$GPTIM_Overflow_INT_Enable
                0x00000000        0xe ./Peripherals/src/kf32f_basic_gptim.o
 .text$GPTIM_Clear_Overflow_INT_Flag
                0x00000000       0x14 ./Peripherals/src/kf32f_basic_gptim.o
 .text$GPTIM_Clear_Updata_INT_Flag
                0x00000000       0x14 ./Peripherals/src/kf32f_basic_gptim.o
 .text$GPTIM_Clear_Trigger_INT_Flag
                0x00000000       0x14 ./Peripherals/src/kf32f_basic_gptim.o
 .text$GPTIM_Get_Overflow_INT_Flag
                0x00000000        0xa ./Peripherals/src/kf32f_basic_gptim.o
 .text$GPTIM_Get_Updata_INT_Flag
                0x00000000        0xa ./Peripherals/src/kf32f_basic_gptim.o
 .text$GPTIM_Get_Trigger_INT_Flag
                0x00000000        0xa ./Peripherals/src/kf32f_basic_gptim.o
 .text$GPTIM_Get_Updata_DMA_INT_Flag
                0x00000000        0xa ./Peripherals/src/kf32f_basic_gptim.o
 .text$GPTIM_Get_Trigger_DMA_INT_Flag
                0x00000000        0xa ./Peripherals/src/kf32f_basic_gptim.o
 .text$CCP_Compare_Configuration
                0x00000000       0x36 ./Peripherals/src/kf32f_basic_gptim.o
 .text$CCP_Compare_Struct_Init
                0x00000000        0xc ./Peripherals/src/kf32f_basic_gptim.o
 .text$CCP_Capture_Configuration
                0x00000000       0x34 ./Peripherals/src/kf32f_basic_gptim.o
 .text$CCP_Capture_Struct_Init
                0x00000000       0x10 ./Peripherals/src/kf32f_basic_gptim.o
 .text$CCP_PWM_Configuration
                0x00000000       0x62 ./Peripherals/src/kf32f_basic_gptim.o
 .text$CCP_PWM_Struct_Init
                0x00000000       0x12 ./Peripherals/src/kf32f_basic_gptim.o
 .text$CCP_Capture_Mode_Config
                0x00000000       0x14 ./Peripherals/src/kf32f_basic_gptim.o
 .text$CCP_Compare_Mode_Config
                0x00000000       0x14 ./Peripherals/src/kf32f_basic_gptim.o
 .text$CCP_PWM_Mode_Config
                0x00000000       0x14 ./Peripherals/src/kf32f_basic_gptim.o
 .text$CCP_Get_Capture_Result
                0x00000000       0x24 ./Peripherals/src/kf32f_basic_gptim.o
 .text$CCP_Set_Compare_Result
                0x00000000       0x20 ./Peripherals/src/kf32f_basic_gptim.o
 .text$CCP_Get_Compare_Result
                0x00000000       0x24 ./Peripherals/src/kf32f_basic_gptim.o
 .text$CCP_Compare_PWM_Signal_Clear
                0x00000000       0x16 ./Peripherals/src/kf32f_basic_gptim.o
 .text$CCP_Compare_Check_Config
                0x00000000        0xc ./Peripherals/src/kf32f_basic_gptim.o
 .text$CCP_Channel_Output_Control
                0x00000000       0x14 ./Peripherals/src/kf32f_basic_gptim.o
 .text$CCP_Single_Pulse_Shut_Enable
                0x00000000        0xe ./Peripherals/src/kf32f_basic_gptim.o
 .text$CCP_Single_Pulse_Enable
                0x00000000        0xe ./Peripherals/src/kf32f_basic_gptim.o
 .text$CCP_PWM_Input_Measurement_Config
                0x00000000        0xe ./Peripherals/src/kf32f_basic_gptim.o
 .text$CCP_Input_XOR_Config
                0x00000000        0xe ./Peripherals/src/kf32f_basic_gptim.o
 .text$CCP_Channel_DMA_Config
                0x00000000       0x18 ./Peripherals/src/kf32f_basic_gptim.o
 .text$CCP_Generate_Trigger_Config
                0x00000000       0x18 ./Peripherals/src/kf32f_basic_gptim.o
 .text$CCP_USART_Receive_Config
                0x00000000        0xe ./Peripherals/src/kf32f_basic_gptim.o
 .text$CCP_Get_Channel_Trigger_INT_Flag
                0x00000000       0x12 ./Peripherals/src/kf32f_basic_gptim.o
 .text$CCP_Get_Trigger_DMA_INT_Flag
                0x00000000       0x12 ./Peripherals/src/kf32f_basic_gptim.o
 .text$CCP_Channel_INT_Config
                0x00000000       0x18 ./Peripherals/src/kf32f_basic_gptim.o
 .text$CCP_Clear_Channel_INT_Flag
                0x00000000       0x24 ./Peripherals/src/kf32f_basic_gptim.o
 .comment       0x00000000       0x27 ./Peripherals/src/kf32f_basic_gptim.o
 .text          0x00000000        0x0 ./Peripherals/src/kf32f_basic_i2c.o
 .data          0x00000000        0x0 ./Peripherals/src/kf32f_basic_i2c.o
 .bss           0x00000000        0x0 ./Peripherals/src/kf32f_basic_i2c.o
 .text$I2C_Reset
                0x00000000       0x5e ./Peripherals/src/kf32f_basic_i2c.o
 .text$I2C_Configuration
                0x00000000       0x34 ./Peripherals/src/kf32f_basic_i2c.o
 .text$I2C_Struct_Init
                0x00000000       0x16 ./Peripherals/src/kf32f_basic_i2c.o
 .text$I2C_Cmd  0x00000000        0xc ./Peripherals/src/kf32f_basic_i2c.o
 .text$I2C_Bufr_Address_Config
                0x00000000        0xc ./Peripherals/src/kf32f_basic_i2c.o
 .text$I2C_Generate_START
                0x00000000        0xc ./Peripherals/src/kf32f_basic_i2c.o
 .text$I2C_Generate_STOP
                0x00000000        0xc ./Peripherals/src/kf32f_basic_i2c.o
 .text$I2C_Ack_Config
                0x00000000        0xc ./Peripherals/src/kf32f_basic_i2c.o
 .text$I2C_Ack_DATA_Config
                0x00000000        0xc ./Peripherals/src/kf32f_basic_i2c.o
 .text$I2C_Call_Cmd
                0x00000000        0xc ./Peripherals/src/kf32f_basic_i2c.o
 .text$I2C_Clock_Config
                0x00000000        0xc ./Peripherals/src/kf32f_basic_i2c.o
 .text$I2C_MATCH_ADDRESS_Config
                0x00000000        0xc ./Peripherals/src/kf32f_basic_i2c.o
 .text$I2C_SCL_Enable
                0x00000000        0xc ./Peripherals/src/kf32f_basic_i2c.o
 .text$I2C_NMENA_Enable
                0x00000000        0xc ./Peripherals/src/kf32f_basic_i2c.o
 .text$I2C_SMBUS_Enable
                0x00000000        0xc ./Peripherals/src/kf32f_basic_i2c.o
 .text$I2C_SMBT_Config
                0x00000000        0xc ./Peripherals/src/kf32f_basic_i2c.o
 .text$I2C_SMBus_ALERT_Config
                0x00000000        0xc ./Peripherals/src/kf32f_basic_i2c.o
 .text$I2C_SendData
                0x00000000        0x4 ./Peripherals/src/kf32f_basic_i2c.o
 .text$I2C_SendData8
                0x00000000        0x6 ./Peripherals/src/kf32f_basic_i2c.o
 .text$I2C_ReceiveData
                0x00000000        0xc ./Peripherals/src/kf32f_basic_i2c.o
 .text$I2C_ARP_Enable
                0x00000000        0xc ./Peripherals/src/kf32f_basic_i2c.o
 .text$I2C_ADDR_Config
                0x00000000       0x30 ./Peripherals/src/kf32f_basic_i2c.o
 .text$I2C_MSK_Config
                0x00000000       0x30 ./Peripherals/src/kf32f_basic_i2c.o
 .text$I2C_BRGH_Config
                0x00000000       0x14 ./Peripherals/src/kf32f_basic_i2c.o
 .text$I2C_BRGL_Config
                0x00000000        0xc ./Peripherals/src/kf32f_basic_i2c.o
 .text$I2C_Start_INT_Enable
                0x00000000        0xe ./Peripherals/src/kf32f_basic_i2c.o
 .text$I2C_Stop_INT_Enable
                0x00000000        0xe ./Peripherals/src/kf32f_basic_i2c.o
 .text$I2C_Ack_Fail_INT_Enable
                0x00000000        0xe ./Peripherals/src/kf32f_basic_i2c.o
 .text$I2C_Arbitration_Lost_INT_Enable
                0x00000000        0xe ./Peripherals/src/kf32f_basic_i2c.o
 .text$I2C_SMBus_Alert_INT_Enable
                0x00000000        0xe ./Peripherals/src/kf32f_basic_i2c.o
 .text$I2C_SMBus_HostHead_INT_Enable
                0x00000000        0xe ./Peripherals/src/kf32f_basic_i2c.o
 .text$I2C_SMBus_Device_Defaultaddress_INT_Enable
                0x00000000        0xe ./Peripherals/src/kf32f_basic_i2c.o
 .text$I2C_ISIE_INT_Enable
                0x00000000        0xe ./Peripherals/src/kf32f_basic_i2c.o
 .text$I2C_Receive_DMA_INT_Enable
                0x00000000        0xe ./Peripherals/src/kf32f_basic_i2c.o
 .text$I2C_Transmit_DMA_INT_Enable
                0x00000000        0xe ./Peripherals/src/kf32f_basic_i2c.o
 .text$I2C_Bus_Error_INT_Enable
                0x00000000        0xe ./Peripherals/src/kf32f_basic_i2c.o
 .text$I2C_Get_Start_Flag
                0x00000000        0x8 ./Peripherals/src/kf32f_basic_i2c.o
 .text$I2C_Clear_Start_Flag
                0x00000000       0x14 ./Peripherals/src/kf32f_basic_i2c.o
 .text$I2C_Get_Stop_Flag
                0x00000000        0xa ./Peripherals/src/kf32f_basic_i2c.o
 .text$I2C_Clear_Stop_Flag
                0x00000000       0x14 ./Peripherals/src/kf32f_basic_i2c.o
 .text$I2C_Get_Address_Match_Flag
                0x00000000        0xa ./Peripherals/src/kf32f_basic_i2c.o
 .text$I2C_Get_HighAddress_Flag
                0x00000000        0xa ./Peripherals/src/kf32f_basic_i2c.o
 .text$I2C_Get_Data_Flag
                0x00000000        0xa ./Peripherals/src/kf32f_basic_i2c.o
 .text$I2C_Get_Ack_Fail_Flag
                0x00000000        0xa ./Peripherals/src/kf32f_basic_i2c.o
 .text$I2C_Clear_Ack_Fail_Flag
                0x00000000       0x14 ./Peripherals/src/kf32f_basic_i2c.o
 .text$I2C_Get_Arbitration_Lost_Flag
                0x00000000        0xa ./Peripherals/src/kf32f_basic_i2c.o
 .text$I2C_Clear_Arbitration_Lost_Flag
                0x00000000       0x14 ./Peripherals/src/kf32f_basic_i2c.o
 .text$I2C_Get_Write_Read_Flag
                0x00000000        0xa ./Peripherals/src/kf32f_basic_i2c.o
 .text$I2C_Get_SMBus_Alert_Flag
                0x00000000        0xa ./Peripherals/src/kf32f_basic_i2c.o
 .text$I2C_Clear_SMBus_Alert_Flag
                0x00000000       0x16 ./Peripherals/src/kf32f_basic_i2c.o
 .text$I2C_Get_SMBus_Host_Header_Flag
                0x00000000        0xa ./Peripherals/src/kf32f_basic_i2c.o
 .text$I2C_Clear_SMBus_Host_Header_Flag
                0x00000000       0x16 ./Peripherals/src/kf32f_basic_i2c.o
 .text$I2C_Get_SMBus_Device_Default_Flag
                0x00000000        0xa ./Peripherals/src/kf32f_basic_i2c.o
 .text$I2C_Clear_SMBus_Device_Default_Flag
                0x00000000       0x16 ./Peripherals/src/kf32f_basic_i2c.o
 .text$I2C_Get_INTERRUPT_Flag
                0x00000000        0xa ./Peripherals/src/kf32f_basic_i2c.o
 .text$I2C_Clear_INTERRUPT_Flag
                0x00000000       0x16 ./Peripherals/src/kf32f_basic_i2c.o
 .text$I2C_Get_Receive_Buff_Flag
                0x00000000        0xa ./Peripherals/src/kf32f_basic_i2c.o
 .text$I2C_Get_Transmit_Buff_Flag
                0x00000000        0xa ./Peripherals/src/kf32f_basic_i2c.o
 .text$I2C_Get_Receive_DMA_Flag
                0x00000000        0xa ./Peripherals/src/kf32f_basic_i2c.o
 .text$I2C_Get_Transmit_DMA_Flag
                0x00000000        0xa ./Peripherals/src/kf32f_basic_i2c.o
 .text$I2C_Get_Bus_Error_Flag
                0x00000000        0xa ./Peripherals/src/kf32f_basic_i2c.o
 .comment       0x00000000       0x27 ./Peripherals/src/kf32f_basic_i2c.o
 .text          0x00000000        0x0 ./Peripherals/src/kf32f_basic_int.o
 .data          0x00000000        0x0 ./Peripherals/src/kf32f_basic_int.o
 .bss           0x00000000        0x0 ./Peripherals/src/kf32f_basic_int.o
 .text$INT_Get_Interrupt_Action
                0x00000000       0x14 ./Peripherals/src/kf32f_basic_int.o
 .text$INT_Get_Priority_Pending_Action
                0x00000000       0x14 ./Peripherals/src/kf32f_basic_int.o
 .text$INT_Priority_Base
                0x00000000       0x1c ./Peripherals/src/kf32f_basic_int.o
 .text$INT_Get_Priority_Base
                0x00000000       0x14 ./Peripherals/src/kf32f_basic_int.o
 .text$INT_Stack_Align_Config
                0x00000000       0x14 ./Peripherals/src/kf32f_basic_int.o
 .text$INT_Fault_Masking_Config
                0x00000000       0x14 ./Peripherals/src/kf32f_basic_int.o
 .text$INT_Get_Pre_Empty
                0x00000000       0x10 ./Peripherals/src/kf32f_basic_int.o
 .text$INT_Get_Pending_Flag
                0x00000000       0x10 ./Peripherals/src/kf32f_basic_int.o
 .text$INT_Priority_Group_Config
                0x00000000       0x14 ./Peripherals/src/kf32f_basic_int.o
 .text$INT_Get_Priority_Group
                0x00000000       0x10 ./Peripherals/src/kf32f_basic_int.o
 .text$INT_Set_Systick_Flag
                0x00000000        0xc ./Peripherals/src/kf32f_basic_int.o
 .text$INT_Set_PendSV_Flag
                0x00000000        0xc ./Peripherals/src/kf32f_basic_int.o
 .text$INT_Get_Interrupt_Flag
                0x00000000       0x56 ./Peripherals/src/kf32f_basic_int.o
 .text$INT_Interrupt_Priority_Config
                0x00000000       0x96 ./Peripherals/src/kf32f_basic_int.o
 .text$INT_Set_Interrupt_Priority
                0x00000000       0x28 ./Peripherals/src/kf32f_basic_int.o
 .text$INT_Stack_Delay_Enable
                0x00000000       0x18 ./Peripherals/src/kf32f_basic_int.o
 .text$INT_External_Configuration
                0x00000000       0x6e ./Peripherals/src/kf32f_basic_int.o
 .text$INT_External_Struct_Init
                0x00000000        0xe ./Peripherals/src/kf32f_basic_int.o
 .text$INT_External_Mask_Enable
                0x00000000       0x1e ./Peripherals/src/kf32f_basic_int.o
 .text$INT_External_Rise_Enable
                0x00000000       0x1e ./Peripherals/src/kf32f_basic_int.o
 .text$INT_External_Fall_Enable
                0x00000000       0x1e ./Peripherals/src/kf32f_basic_int.o
 .text$INT_Get_External_Flag
                0x00000000       0x1c ./Peripherals/src/kf32f_basic_int.o
 .text$INT_External_Clear_Flag
                0x00000000       0x2c ./Peripherals/src/kf32f_basic_int.o
 .text$INT_External_Source_Enable
                0x00000000       0x34 ./Peripherals/src/kf32f_basic_int.o
 .comment       0x00000000       0x27 ./Peripherals/src/kf32f_basic_int.o
 .text          0x00000000        0x0 ./Peripherals/src/kf32f_basic_iwdt.o
 .data          0x00000000        0x0 ./Peripherals/src/kf32f_basic_iwdt.o
 .bss           0x00000000        0x0 ./Peripherals/src/kf32f_basic_iwdt.o
 .text$IWDT_Prescaler_Config
                0x00000000       0x14 ./Peripherals/src/kf32f_basic_iwdt.o
 .text$IWDT_Overflow_Config
                0x00000000       0x18 ./Peripherals/src/kf32f_basic_iwdt.o
 .text$IWDT_Enable
                0x00000000       0x14 ./Peripherals/src/kf32f_basic_iwdt.o
 .text$IWDT_Feed_The_Dog
                0x00000000       0x10 ./Peripherals/src/kf32f_basic_iwdt.o
 .comment       0x00000000       0x27 ./Peripherals/src/kf32f_basic_iwdt.o
 .text          0x00000000        0x0 ./Peripherals/src/kf32f_basic_op.o
 .data          0x00000000        0x0 ./Peripherals/src/kf32f_basic_op.o
 .bss           0x00000000        0x0 ./Peripherals/src/kf32f_basic_op.o
 .comment       0x00000000       0x27 ./Peripherals/src/kf32f_basic_op.o
 .text          0x00000000        0x0 ./Peripherals/src/kf32f_basic_osc.o
 .data          0x00000000        0x0 ./Peripherals/src/kf32f_basic_osc.o
 .bss           0x00000000        0x0 ./Peripherals/src/kf32f_basic_osc.o
 .text$OSC_SCLK_Configuration
                0x00000000       0xac ./Peripherals/src/kf32f_basic_osc.o
 .text$OSC_HFCK_Configuration
                0x00000000       0xb2 ./Peripherals/src/kf32f_basic_osc.o
 .text$OSC_LFCK_Configuration
                0x00000000       0x3c ./Peripherals/src/kf32f_basic_osc.o
 .text$OSC_CK48M_Configuration
                0x00000000       0x8c ./Peripherals/src/kf32f_basic_osc.o
 .text$OSC_Struct_Init
                0x00000000        0xe ./Peripherals/src/kf32f_basic_osc.o
 .text$OSC_Backup_Write_Read_Enable
                0x00000000       0x10 ./Peripherals/src/kf32f_basic_osc.o
 .text$OSC_SCLK_Output_Enable
                0x00000000       0x14 ./Peripherals/src/kf32f_basic_osc.o
 .text$OSC_SCLK_Output_Select
                0x00000000       0x18 ./Peripherals/src/kf32f_basic_osc.o
 .text$OSC_SCLK_Output_Division_Config
                0x00000000       0x18 ./Peripherals/src/kf32f_basic_osc.o
 .text$OSC_Clock_Failure_Check_Enable
                0x00000000       0x14 ./Peripherals/src/kf32f_basic_osc.o
 .text$OSC_CK48M_Division_Config
                0x00000000       0x12 ./Peripherals/src/kf32f_basic_osc.o
 .text$OSC_CK48M_Source_Config
                0x00000000       0x14 ./Peripherals/src/kf32f_basic_osc.o
 .text$OSC_CK48M_Enable
                0x00000000       0x14 ./Peripherals/src/kf32f_basic_osc.o
 .text$OSC_EXTHF_Start_Delay_Config
                0x00000000       0x18 ./Peripherals/src/kf32f_basic_osc.o
 .text$OSC_EXTLF_Start_Delay_Config
                0x00000000       0x18 ./Peripherals/src/kf32f_basic_osc.o
 .text$OSC_EXTHF_Software_Enable
                0x00000000       0x14 ./Peripherals/src/kf32f_basic_osc.o
 .text$OSC_EXTLF_Software_Enable
                0x00000000       0x14 ./Peripherals/src/kf32f_basic_osc.o
 .text$OSC_Zero_Drift_Config
                0x00000000       0x18 ./Peripherals/src/kf32f_basic_osc.o
 .text$OSC_Positive_Drift_Config
                0x00000000       0x18 ./Peripherals/src/kf32f_basic_osc.o
 .text$OSC_Negative_Drift_Config
                0x00000000       0x12 ./Peripherals/src/kf32f_basic_osc.o
 .text$OSC_Current_Gain_Config
                0x00000000       0x12 ./Peripherals/src/kf32f_basic_osc.o
 .text$OSC_High_Speed_Enable
                0x00000000       0x14 ./Peripherals/src/kf32f_basic_osc.o
 .text$OSC_External_Input_Enable
                0x00000000       0x14 ./Peripherals/src/kf32f_basic_osc.o
 .text$OSC_Feedback_Resistance_Config
                0x00000000       0x14 ./Peripherals/src/kf32f_basic_osc.o
 .text$OSC_PLL_Zero_Source_Enable
                0x00000000       0x14 ./Peripherals/src/kf32f_basic_osc.o
 .text$OSC_PLL_Vref2_Enable
                0x00000000       0x14 ./Peripherals/src/kf32f_basic_osc.o
 .text$OSC_PLL_Vref0p5_Enable
                0x00000000       0x14 ./Peripherals/src/kf32f_basic_osc.o
 .text$OSC_PLL_Vref1p2_Enable
                0x00000000       0x14 ./Peripherals/src/kf32f_basic_osc.o
 .text$OSC_PLL_Low_Power_20nA_Enable
                0x00000000       0x14 ./Peripherals/src/kf32f_basic_osc.o
 .text$OSC_PLL_Vref1p14_Enable
                0x00000000       0x14 ./Peripherals/src/kf32f_basic_osc.o
 .text$OSC_PLL_Low_Power_100nA_Enable
                0x00000000       0x14 ./Peripherals/src/kf32f_basic_osc.o
 .text$OSC_PLL_LDO_Enable
                0x00000000       0x14 ./Peripherals/src/kf32f_basic_osc.o
 .text$OSC_PLL_INT_Enable
                0x00000000       0x14 ./Peripherals/src/kf32f_basic_osc.o
 .text$OSC_EXTHF_INT_Enable
                0x00000000       0x14 ./Peripherals/src/kf32f_basic_osc.o
 .text$OSC_EXTLF_INT_Enable
                0x00000000       0x14 ./Peripherals/src/kf32f_basic_osc.o
 .text$OSC_INTHF_INT_Enable
                0x00000000       0x14 ./Peripherals/src/kf32f_basic_osc.o
 .text$OSC_LP4M_INT_Enable
                0x00000000       0x14 ./Peripherals/src/kf32f_basic_osc.o
 .text$OSC_INTLF_INT_Enable
                0x00000000       0x14 ./Peripherals/src/kf32f_basic_osc.o
 .text$OSC_Get_Clock_Failure_INT_Flag
                0x00000000        0xe ./Peripherals/src/kf32f_basic_osc.o
 .text$OSC_Get_EXTHF_INT_Flag
                0x00000000        0xe ./Peripherals/src/kf32f_basic_osc.o
 .text$OSC_Get_EXTLF_INT_Flag
                0x00000000        0xe ./Peripherals/src/kf32f_basic_osc.o
 .text$OSC_Get_INTLF_INT_Flag
                0x00000000        0xc ./Peripherals/src/kf32f_basic_osc.o
 .text$OSC_Get_LP4MIF_INT_Flag
                0x00000000        0xe ./Peripherals/src/kf32f_basic_osc.o
 .comment       0x00000000       0x27 ./Peripherals/src/kf32f_basic_osc.o
 .text          0x00000000        0x0 ./Peripherals/src/kf32f_basic_pclk.o
 .data          0x00000000        0x0 ./Peripherals/src/kf32f_basic_pclk.o
 .bss           0x00000000        0x0 ./Peripherals/src/kf32f_basic_pclk.o
 .text$PCLK_CTL0_Peripheral_Clock_Enable
                0x00000000       0x1a ./Peripherals/src/kf32f_basic_pclk.o
 .text$PCLK_CTL3_Peripheral_Clock_Enable
                0x00000000       0x1a ./Peripherals/src/kf32f_basic_pclk.o
 .comment       0x00000000       0x27 ./Peripherals/src/kf32f_basic_pclk.o
 .text          0x00000000        0x0 ./Peripherals/src/kf32f_basic_pm.o
 .data          0x00000000        0x0 ./Peripherals/src/kf32f_basic_pm.o
 .bss           0x00000000        0x0 ./Peripherals/src/kf32f_basic_pm.o
 .text$PM_IO_Latch_Enable
                0x00000000       0x14 ./Peripherals/src/kf32f_basic_pm.o
 .text$PM_Get_IO_Latch_Status
                0x00000000        0xc ./Peripherals/src/kf32f_basic_pm.o
 .text$PM_Internal_Low_Frequency_Enable
                0x00000000       0x14 ./Peripherals/src/kf32f_basic_pm.o
 .text$PM_External_Low_Frequency_Enable
                0x00000000       0x14 ./Peripherals/src/kf32f_basic_pm.o
 .text$PM_External_Low_Frequency_Clock_Enable
                0x00000000       0x14 ./Peripherals/src/kf32f_basic_pm.o
 .text$PM_Main_Bandgap_Enable
                0x00000000       0x14 ./Peripherals/src/kf32f_basic_pm.o
 .text$PM_LDO18_Enable
                0x00000000       0x14 ./Peripherals/src/kf32f_basic_pm.o
 .text$PM_Backup_Registers_Reset_Config
                0x00000000       0x14 ./Peripherals/src/kf32f_basic_pm.o
 .text$PM_Independent_Watchdog_Reset_Config
                0x00000000       0x14 ./Peripherals/src/kf32f_basic_pm.o
 .text$PM_SRAMA_In_Standby_Work_Mode_Config
                0x00000000       0x14 ./Peripherals/src/kf32f_basic_pm.o
 .text$PM_LPRAM_In_Standby_Work_Mode_Config
                0x00000000       0x14 ./Peripherals/src/kf32f_basic_pm.o
 .text$PM_Backup_POR_Delay_Time_Config
                0x00000000       0x14 ./Peripherals/src/kf32f_basic_pm.o
[...]
 .debug_abbrev  0x00003135      0x22d ./Peripherals/src/kf32f_basic_int.o
 .debug_abbrev  0x00003362      0x12a ./Peripherals/src/kf32f_basic_iwdt.o
 .debug_abbrev  0x0000348c       0x26 ./Peripherals/src/kf32f_basic_op.o
 .debug_abbrev  0x000034b2      0x233 ./Peripherals/src/kf32f_basic_osc.o
 .debug_abbrev  0x000036e5       0xd1 ./Peripherals/src/kf32f_basic_pclk.o
 .debug_abbrev  0x000037b6      0x1da ./Peripherals/src/kf32f_basic_pm.o
 .debug_abbrev  0x00003990       0xd1 ./Peripherals/src/kf32f_basic_rst.o
 .debug_abbrev  0x00003a61      0x2af ./Peripherals/src/kf32f_basic_rtc.o
 .debug_abbrev  0x00003d10      0x1c6 ./Peripherals/src/kf32f_basic_sysctl.o
 .debug_abbrev  0x00003ed6      0x189 ./Peripherals/src/kf32f_basic_systick.o
 .debug_abbrev  0x0000405f      0x255 ./Peripherals/src/kf32f_basic_usart.o
 .debug_abbrev  0x000042b4      0x189 ./Peripherals/src/kf32f_basic_wwdt.o
 .debug_abbrev  0x0000443d      0x17c ./Peripherals/system_init.o
 .debug_abbrev  0x000045b9       0x2c ./config/chip_mode_protect_config.o
 .debug_abbrev  0x000045e5       0x7c ./config/startup.o
 .debug_abbrev  0x00004661       0xb3 D:/ResearchSoftware/KungFu32/ChipONCC32/ccr1_issue/lib\libio.a(fprintf.o)
 .debug_abbrev  0x00004714      0x121 D:/ResearchSoftware/KungFu32/ChipONCC32/ccr1_issue/lib\libio.a(vfprintf.o)
 .debug_abbrev  0x00004835      0x108 D:/ResearchSoftware/KungFu32/ChipONCC32/ccr1_issue/lib\libstring.a(mem_set_cpy_Fast.o)
 .debug_abbrev  0x0000493d      0x1b8 D:/ResearchSoftware/KungFu32/ChipONCC32/ccr1_issue/lib\libstdlib.a(ftoa.o)
 .debug_abbrev  0x00004af5       0x9a D:/ResearchSoftware/KungFu32/ChipONCC32/ccr1_issue/lib\libstdlib.a(itoa.o)
 .debug_abbrev  0x00004b8f       0xca D:/ResearchSoftware/KungFu32/ChipONCC32/ccr1_issue/lib\libstdlib.a(ltoa.o)

.debug_line     0x00000000    0x16a4d
 *(.debug_line .debug_line.* .debug_line_end)
 .debug_line    0x00000000       0x5e ./BSP/bsp.o
 .debug_line    0x0000005e      0x593 ./BSP/bsp_flash.o
 .debug_line    0x000005f1      0x1d3 ./BSP/bsp_systick.o
 .debug_line    0x000007c4      0x231 ./BSP/bsp_usart.o
 .debug_line    0x000009f5      0x1a0 ./Driver/delay.o
 .debug_line    0x00000b95      0x12e ./Driver/error_code.o
 .debug_line    0x00000cc3      0x5fb ./Driver/flash_eeprom.o
 .debug_line    0x000012be      0x4ae ./Driver/md5.o
 .debug_line    0x0000176c      0x2b1 ./Driver/ota_app.o
 .debug_line    0x00001a1d      0x290 ./Driver/ota_boot.o
 .debug_line    0x00001cad      0x2b2 ./KF32_EVAL.o
 .debug_line    0x00001f5f      0x1cc ./kf_it.o
 .debug_line    0x0000212b      0x38c ./main.o
 .debug_line    0x000024b7       0xfb ./utilities.o
 .debug_line    0x000025b2      0x3a0 ./Middle/soft_timer.o
 .debug_line    0x00002952      0xfad ./Peripherals/src/kf32f_basic_adc.o
 .debug_line    0x000038ff     0x2296 ./Peripherals/src/kf32f_basic_atim.o
 .debug_line    0x00005b95      0x530 ./Peripherals/src/kf32f_basic_bkp.o
 .debug_line    0x000060c5      0xc8a ./Peripherals/src/kf32f_basic_btim.o
 .debug_line    0x00006d4f      0x8d3 ./Peripherals/src/kf32f_basic_cfgl.o
 .debug_line    0x00007622      0xdab ./Peripherals/src/kf32f_basic_cmp.o
 .debug_line    0x000083cd      0x2bd ./Peripherals/src/kf32f_basic_crc.o
 .debug_line    0x0000868a      0x4d7 ./Peripherals/src/kf32f_basic_dac.o
 .debug_line    0x00008b61      0x917 ./Peripherals/src/kf32f_basic_dma.o
 .debug_line    0x00009478     0x154f ./Peripherals/src/kf32f_basic_flash.o
 .debug_line    0x0000a9c7      0x845 ./Peripherals/src/kf32f_basic_gpio.o
 .debug_line    0x0000b20c     0x142d ./Peripherals/src/kf32f_basic_gptim.o
 .debug_line    0x0000c639      0xed8 ./Peripherals/src/kf32f_basic_i2c.o
 .debug_line    0x0000d511      0xb52 ./Peripherals/src/kf32f_basic_int.o
 .debug_line    0x0000e063      0x1bf ./Peripherals/src/kf32f_basic_iwdt.o
 .debug_line    0x0000e222       0x27 ./Peripherals/src/kf32f_basic_op.o
 .debug_line    0x0000e249     0x1565 ./Peripherals/src/kf32f_basic_osc.o
 .debug_line    0x0000f7ae      0x1df ./Peripherals/src/kf32f_basic_pclk.o
 .debug_line    0x0000f98d     0x14b4 ./Peripherals/src/kf32f_basic_pm.o
 .debug_line    0x00010e41      0x1de ./Peripherals/src/kf32f_basic_rst.o
 .debug_line    0x0001101f     0x22ba ./Peripherals/src/kf32f_basic_rtc.o
 .debug_line    0x000132d9      0x576 ./Peripherals/src/kf32f_basic_sysctl.o
 .debug_line    0x0001384f      0x2bc ./Peripherals/src/kf32f_basic_systick.o
 .debug_line    0x00013b0b     0x1981 ./Peripherals/src/kf32f_basic_usart.o
 .debug_line    0x0001548c      0x2bb ./Peripherals/src/kf32f_basic_wwdt.o
 .debug_line    0x00015747      0x283 ./Peripherals/system_init.o
 .debug_line    0x000159ca       0x4f ./config/chip_mode_protect_config.o
 .debug_line    0x00015a19       0x98 ./config/startup.o
 .debug_line    0x00015ab1       0x27 ./config/vector.o
 .debug_line    0x00015ad8       0x7d D:/ResearchSoftware/KungFu32/ChipONCC32/ccr1_issue/lib\libio.a(fprintf.o)
 .debug_line    0x00015b55      0x59b D:/ResearchSoftware/KungFu32/ChipONCC32/ccr1_issue/lib\libio.a(vfprintf.o)
 .debug_line    0x000160f0      0x38b D:/ResearchSoftware/KungFu32/ChipONCC32/ccr1_issue/lib\libstring.a(mem_set_cpy_Fast.o)
 .debug_line    0x0001647b      0x464 D:/ResearchSoftware/KungFu32/ChipONCC32/ccr1_issue/lib\libstdlib.a(ftoa.o)
 .debug_line    0x000168df       0x75 D:/ResearchSoftware/KungFu32/ChipONCC32/ccr1_issue/lib\libstdlib.a(itoa.o)
 .debug_line    0x00016954       0xf9 D:/ResearchSoftware/KungFu32/ChipONCC32/ccr1_issue/lib\libstdlib.a(ltoa.o)

.debug_frame    0x00000000     0x4858
 *(.debug_frame)
 .debug_frame   0x00000000       0x28 ./BSP/bsp.o
 .debug_frame   0x00000028      0x1a0 ./BSP/bsp_flash.o
 .debug_frame   0x000001c8       0x60 ./BSP/bsp_systick.o
 .debug_frame   0x00000228       0x40 ./BSP/bsp_usart.o
 .debug_frame   0x00000268       0x48 ./Driver/delay.o
 .debug_frame   0x000002b0       0x70 ./Driver/error_code.o
 .debug_frame   0x00000320      0x10c ./Driver/flash_eeprom.o
 .debug_frame   0x0000042c       0xd0 ./Driver/md5.o
 .debug_frame   0x000004fc       0xa8 ./Driver/ota_app.o
 .debug_frame   0x000005a4       0xa4 ./Driver/ota_boot.o
 .debug_frame   0x00000648       0xa8 ./KF32_EVAL.o
 .debug_frame   0x000006f0       0xdc ./kf_it.o
 .debug_frame   0x000007cc       0x78 ./main.o
 .debug_frame   0x00000844       0x3c ./utilities.o
 .debug_frame   0x00000880       0xd8 ./Middle/soft_timer.o
 .debug_frame   0x00000958      0x300 ./Peripherals/src/kf32f_basic_adc.o
 .debug_frame   0x00000c58      0x77c ./Peripherals/src/kf32f_basic_atim.o
 .debug_frame   0x000013d4       0xf0 ./Peripherals/src/kf32f_basic_bkp.o
 .debug_frame   0x000014c4      0x2d8 ./Peripherals/src/kf32f_basic_btim.o
 .debug_frame   0x0000179c      0x14c ./Peripherals/src/kf32f_basic_cfgl.o
 .debug_frame   0x000018e8      0x2ac ./Peripherals/src/kf32f_basic_cmp.o
 .debug_frame   0x00001b94       0xcc ./Peripherals/src/kf32f_basic_crc.o
 .debug_frame   0x00001c60       0xe0 ./Peripherals/src/kf32f_basic_dac.o
 .debug_frame   0x00001d40      0x1f8 ./Peripherals/src/kf32f_basic_dma.o
 .debug_frame   0x00001f38      0x388 ./Peripherals/src/kf32f_basic_flash.o
 .debug_frame   0x000022c0      0x178 ./Peripherals/src/kf32f_basic_gpio.o
 .debug_frame   0x00002438      0x3e0 ./Peripherals/src/kf32f_basic_gptim.o
 .debug_frame   0x00002818      0x3f0 ./Peripherals/src/kf32f_basic_i2c.o
 .debug_frame   0x00002c08      0x1cc ./Peripherals/src/kf32f_basic_int.o
 .debug_frame   0x00002dd4       0x50 ./Peripherals/src/kf32f_basic_iwdt.o
 .debug_frame   0x00002e24      0x40c ./Peripherals/src/kf32f_basic_osc.o
 .debug_frame   0x00003230       0x50 ./Peripherals/src/kf32f_basic_pclk.o
 .debug_frame   0x00003280      0x490 ./Peripherals/src/kf32f_basic_pm.o
 .debug_frame   0x00003710       0x50 ./Peripherals/src/kf32f_basic_rst.o
 .debug_frame   0x00003760      0x66c ./Peripherals/src/kf32f_basic_rtc.o
 .debug_frame   0x00003dcc      0x150 ./Peripherals/src/kf32f_basic_sysctl.o
 .debug_frame   0x00003f1c       0xa0 ./Peripherals/src/kf32f_basic_systick.o
 .debug_frame   0x00003fbc      0x5f8 ./Peripherals/src/kf32f_basic_usart.o
 .debug_frame   0x000045b4       0xa8 ./Peripherals/src/kf32f_basic_wwdt.o
 .debug_frame   0x0000465c       0x40 ./Peripherals/system_init.o
 .debug_frame   0x0000469c       0x28 ./config/startup.o
 .debug_frame   0x000046c4       0x38 D:/ResearchSoftware/KungFu32/ChipONCC32/ccr1_issue/lib\libio.a(fprintf.o)
 .debug_frame   0x000046fc       0x34 D:/ResearchSoftware/KungFu32/ChipONCC32/ccr1_issue/lib\libio.a(vfprintf.o)
 .debug_frame   0x00004730       0x3c D:/ResearchSoftware/KungFu32/ChipONCC32/ccr1_issue/lib\libstring.a(mem_set_cpy_Fast.o)
 .debug_frame   0x0000476c       0x68 D:/ResearchSoftware/KungFu32/ChipONCC32/ccr1_issue/lib\libstdlib.a(ftoa.o)
 .debug_frame   0x000047d4       0x40 D:/ResearchSoftware/KungFu32/ChipONCC32/ccr1_issue/lib\libstdlib.a(itoa.o)
 .debug_frame   0x00004814       0x44 D:/ResearchSoftware/KungFu32/ChipONCC32/ccr1_issue/lib\libstdlib.a(ltoa.o)

.debug_str      0x00000000     0xdc37
 *(.debug_str)
 .debug_str     0x00000000       0xe9 ./BSP/bsp.o
 .debug_str     0x000000e9      0x2df ./BSP/bsp_flash.o
 .debug_str     0x000003c8      0x512 ./BSP/bsp_systick.o
 .debug_str     0x000008da      0x707 ./BSP/bsp_usart.o
 .debug_str     0x00000fe1      0x165 ./Driver/delay.o
 .debug_str     0x00001146      0x15b ./Driver/error_code.o
 .debug_str     0x000012a1      0x330 ./Driver/flash_eeprom.o
 .debug_str     0x000015d1      0x1c9 ./Driver/md5.o
 .debug_str     0x0000179a      0x1c8 ./Driver/ota_app.o
 .debug_str     0x00001962      0x21f ./Driver/ota_boot.o
 .debug_str     0x00001b81      0x896 ./KF32_EVAL.o
 .debug_str     0x00002417      0x510 ./kf_it.o
 .debug_str     0x00002927      0x2a8 ./main.o
 .debug_str     0x00002bcf      0x10b ./utilities.o
 .debug_str     0x00002cda      0x256 ./Middle/soft_timer.o
 .debug_str     0x00002f30      0x947 ./Peripherals/src/kf32f_basic_adc.o
 .debug_str     0x00003877     0x1172 ./Peripherals/src/kf32f_basic_atim.o
 .debug_str     0x000049e9      0x368 ./Peripherals/src/kf32f_basic_bkp.o
 .debug_str     0x00004d51      0x6b1 ./Peripherals/src/kf32f_basic_btim.o
 .debug_str     0x00005402      0x64c ./Peripherals/src/kf32f_basic_cfgl.o
 .debug_str     0x00005a4e      0x5c1 ./Peripherals/src/kf32f_basic_cmp.o
 .debug_str     0x0000600f      0x299 ./Peripherals/src/kf32f_basic_crc.o
 .debug_str     0x000062a8      0x358 ./Peripherals/src/kf32f_basic_dac.o
 .debug_str     0x00006600      0x6fb ./Peripherals/src/kf32f_basic_dma.o
 .debug_str     0x00006cfb      0x986 ./Peripherals/src/kf32f_basic_flash.o
 .debug_str     0x00007681      0x4dd ./Peripherals/src/kf32f_basic_gpio.o
 .debug_str     0x00007b5e      0xa38 ./Peripherals/src/kf32f_basic_gptim.o
 .debug_str     0x00008596      0x79f ./Peripherals/src/kf32f_basic_i2c.o
 .debug_str     0x00008d35      0x921 ./Peripherals/src/kf32f_basic_int.o
 .debug_str     0x00009656      0x1b0 ./Peripherals/src/kf32f_basic_iwdt.o
 .debug_str     0x00009806       0xe3 ./Peripherals/src/kf32f_basic_op.o
 .debug_str     0x000098e9      0x867 ./Peripherals/src/kf32f_basic_osc.o
 .debug_str     0x0000a150      0x1fe ./Peripherals/src/kf32f_basic_pclk.o
 .debug_str     0x0000a34e      0xa76 ./Peripherals/src/kf32f_basic_pm.o
 .debug_str     0x0000adc4      0x1f3 ./Peripherals/src/kf32f_basic_rst.o
 .debug_str     0x0000afb7      0xd99 ./Peripherals/src/kf32f_basic_rtc.o
 .debug_str     0x0000bd50      0x396 ./Peripherals/src/kf32f_basic_sysctl.o
 .debug_str     0x0000c0e6      0x25d ./Peripherals/src/kf32f_basic_systick.o
 .debug_str     0x0000c343      0xd46 ./Peripherals/src/kf32f_basic_usart.o
 .debug_str     0x0000d089      0x21f ./Peripherals/src/kf32f_basic_wwdt.o
 .debug_str     0x0000d2a8      0x265 ./Peripherals/system_init.o
 .debug_str     0x0000d50d       0x92 ./config/chip_mode_protect_config.o
 .debug_str     0x0000d59f       0xc2 ./config/startup.o
 .debug_str     0x0000d661       0x89 D:/ResearchSoftware/KungFu32/ChipONCC32/ccr1_issue/lib\libio.a(fprintf.o)
 .debug_str     0x0000d6ea      0x165 D:/ResearchSoftware/KungFu32/ChipONCC32/ccr1_issue/lib\libio.a(vfprintf.o)
 .debug_str     0x0000d84f      0x15a D:/ResearchSoftware/KungFu32/ChipONCC32/ccr1_issue/lib\libstring.a(mem_set_cpy_Fast.o)
 .debug_str     0x0000d9a9      0x119 D:/ResearchSoftware/KungFu32/ChipONCC32/ccr1_issue/lib\libstdlib.a(ftoa.o)
 .debug_str     0x0000dac2       0xb7 D:/ResearchSoftware/KungFu32/ChipONCC32/ccr1_issue/lib\libstdlib.a(itoa.o)
 .debug_str     0x0000db79       0xbe D:/ResearchSoftware/KungFu32/ChipONCC32/ccr1_issue/lib\libstdlib.a(ltoa.o)

.debug_loc      0x00000000    0x13226
 *(.debug_loc)
 .debug_loc     0x00000000      0x65d ./BSP/bsp_flash.o
 .debug_loc     0x0000065d       0x2c ./BSP/bsp_systick.o
 .debug_loc     0x00000689       0x72 ./BSP/bsp_usart.o
 .debug_loc     0x000006fb       0x58 ./Driver/delay.o
 .debug_loc     0x00000753       0x21 ./Driver/error_code.o
 .debug_loc     0x00000774      0x7b5 ./Driver/flash_eeprom.o
 .debug_loc     0x00000f29      0x56e ./Driver/md5.o
 .debug_loc     0x00001497      0x1ab ./Driver/ota_app.o
 .debug_loc     0x00001642       0xec ./Driver/ota_boot.o
 .debug_loc     0x0000172e       0xc6 ./KF32_EVAL.o
 .debug_loc     0x000017f4       0x80 ./main.o
 .debug_loc     0x00001874       0xdf ./utilities.o
 .debug_loc     0x00001953      0x202 ./Middle/soft_timer.o
 .debug_loc     0x00001b55     0x1078 ./Peripherals/src/kf32f_basic_adc.o
 .debug_loc     0x00002bcd     0x290a ./Peripherals/src/kf32f_basic_atim.o
 .debug_loc     0x000054d7      0x38f ./Peripherals/src/kf32f_basic_bkp.o
 .debug_loc     0x00005866      0x63d ./Peripherals/src/kf32f_basic_btim.o
 .debug_loc     0x00005ea3      0x16c ./Peripherals/src/kf32f_basic_cfgl.o
 .debug_loc     0x0000600f      0x9a3 ./Peripherals/src/kf32f_basic_cmp.o
 .debug_loc     0x000069b2       0x8e ./Peripherals/src/kf32f_basic_crc.o
 .debug_loc     0x00006a40      0x1f6 ./Peripherals/src/kf32f_basic_dac.o
 .debug_loc     0x00006c36      0xc0c ./Peripherals/src/kf32f_basic_dma.o
 .debug_loc     0x00007842     0x14fb ./Peripherals/src/kf32f_basic_flash.o
 .debug_loc     0x00008d3d      0x971 ./Peripherals/src/kf32f_basic_gpio.o
 .debug_loc     0x000096ae     0x131d ./Peripherals/src/kf32f_basic_gptim.o
 .debug_loc     0x0000a9cb      0x8bf ./Peripherals/src/kf32f_basic_i2c.o
 .debug_loc     0x0000b28a     0x1110 ./Peripherals/src/kf32f_basic_int.o
 .debug_loc     0x0000c39a       0xba ./Peripherals/src/kf32f_basic_iwdt.o
 .debug_loc     0x0000c454     0x1300 ./Peripherals/src/kf32f_basic_osc.o
 .debug_loc     0x0000d754      0x120 ./Peripherals/src/kf32f_basic_pclk.o
 .debug_loc     0x0000d874      0xa23 ./Peripherals/src/kf32f_basic_pm.o
 .debug_loc     0x0000e297      0x120 ./Peripherals/src/kf32f_basic_rst.o
 .debug_loc     0x0000e3b7     0x2e45 ./Peripherals/src/kf32f_basic_rtc.o
 .debug_loc     0x000111fc      0x220 ./Peripherals/src/kf32f_basic_sysctl.o
 .debug_loc     0x0001141c      0x147 ./Peripherals/src/kf32f_basic_systick.o
 .debug_loc     0x00011563      0xce3 ./Peripherals/src/kf32f_basic_usart.o
 .debug_loc     0x00012246       0xe9 ./Peripherals/src/kf32f_basic_wwdt.o
 .debug_loc     0x0001232f       0xf6 ./Peripherals/system_init.o
 .debug_loc     0x00012425       0x1e ./config/startup.o
 .debug_loc     0x00012443       0x21 D:/ResearchSoftware/KungFu32/ChipONCC32/ccr1_issue/lib\libio.a(fprintf.o)
 .debug_loc     0x00012464      0x815 D:/ResearchSoftware/KungFu32/ChipONCC32/ccr1_issue/lib\libio.a(vfprintf.o)
 .debug_loc     0x00012c79      0x31f D:/ResearchSoftware/KungFu32/ChipONCC32/ccr1_issue/lib\libstring.a(mem_set_cpy_Fast.o)
 .debug_loc     0x00012f98       0xfc D:/ResearchSoftware/KungFu32/ChipONCC32/ccr1_issue/lib\libstdlib.a(ftoa.o)
 .debug_loc     0x00013094       0xc6 D:/ResearchSoftware/KungFu32/ChipONCC32/ccr1_issue/lib\libstdlib.a(itoa.o)
 .debug_loc     0x0001315a       0xcc D:/ResearchSoftware/KungFu32/ChipONCC32/ccr1_issue/lib\libstdlib.a(ltoa.o)

.debug_macinfo
 *(.debug_macinfo)

.debug_weaknames
 *(.debug_weaknames)

.debug_funcnames
 *(.debug_funcnames)

.debug_typenames
 *(.debug_typenames)

.debug_varnames
 *(.debug_varnames)

.debug_pubtypes
 *(.debug_pubtypes)

.debug_ranges   0x00000000     0x2dc8
 *(.debug_ranges)
 .debug_ranges  0x00000000       0x10 ./BSP/bsp.o
 .debug_ranges  0x00000010       0x90 ./BSP/bsp_flash.o
 .debug_ranges  0x000000a0       0x28 ./BSP/bsp_systick.o
 .debug_ranges  0x000000c8       0x10 ./BSP/bsp_usart.o
 .debug_ranges  0x000000d8       0x18 ./Driver/delay.o
 .debug_ranges  0x000000f0       0x38 ./Driver/error_code.o
 .debug_ranges  0x00000128      0x130 ./Driver/flash_eeprom.o
 .debug_ranges  0x00000258       0x70 ./Driver/md5.o
 .debug_ranges  0x000002c8       0x28 ./Driver/ota_app.o
 .debug_ranges  0x000002f0       0x30 ./Driver/ota_boot.o
 .debug_ranges  0x00000320       0x30 ./KF32_EVAL.o
 .debug_ranges  0x00000350       0x68 ./kf_it.o
 .debug_ranges  0x000003b8       0x40 ./main.o
 .debug_ranges  0x000003f8       0x18 ./utilities.o
 .debug_ranges  0x00000410       0x50 ./Middle/soft_timer.o
 .debug_ranges  0x00000460      0x208 ./Peripherals/src/kf32f_basic_adc.o
 .debug_ranges  0x00000668      0x5c0 ./Peripherals/src/kf32f_basic_atim.o
 .debug_ranges  0x00000c28       0x78 ./Peripherals/src/kf32f_basic_bkp.o
 .debug_ranges  0x00000ca0      0x160 ./Peripherals/src/kf32f_basic_btim.o
 .debug_ranges  0x00000e00       0xa0 ./Peripherals/src/kf32f_basic_cfgl.o
 .debug_ranges  0x00000ea0      0x150 ./Peripherals/src/kf32f_basic_cmp.o
 .debug_ranges  0x00000ff0       0x60 ./Peripherals/src/kf32f_basic_crc.o
 .debug_ranges  0x00001050       0x68 ./Peripherals/src/kf32f_basic_dac.o
 .debug_ranges  0x000010b8      0x138 ./Peripherals/src/kf32f_basic_dma.o
 .debug_ranges  0x000011f0      0x268 ./Peripherals/src/kf32f_basic_flash.o
 .debug_ranges  0x00001458      0x120 ./Peripherals/src/kf32f_basic_gpio.o
 .debug_ranges  0x00001578      0x2c8 ./Peripherals/src/kf32f_basic_gptim.o
 .debug_ranges  0x00001840      0x220 ./Peripherals/src/kf32f_basic_i2c.o
 .debug_ranges  0x00001a60      0x1b8 ./Peripherals/src/kf32f_basic_int.o
 .debug_ranges  0x00001c18       0x28 ./Peripherals/src/kf32f_basic_iwdt.o
 .debug_ranges  0x00001c40      0x300 ./Peripherals/src/kf32f_basic_osc.o
 .debug_ranges  0x00001f40       0x28 ./Peripherals/src/kf32f_basic_pclk.o
 .debug_ranges  0x00001f68      0x288 ./Peripherals/src/kf32f_basic_pm.o
 .debug_ranges  0x000021f0       0x28 ./Peripherals/src/kf32f_basic_rst.o
 .debug_ranges  0x00002218      0x618 ./Peripherals/src/kf32f_basic_rtc.o
 .debug_ranges  0x00002830       0xd8 ./Peripherals/src/kf32f_basic_sysctl.o
 .debug_ranges  0x00002908       0x68 ./Peripherals/src/kf32f_basic_systick.o
 .debug_ranges  0x00002970      0x320 ./Peripherals/src/kf32f_basic_usart.o
 .debug_ranges  0x00002c90       0x50 ./Peripherals/src/kf32f_basic_wwdt.o
 .debug_ranges  0x00002ce0       0x18 ./Peripherals/system_init.o
 .debug_ranges  0x00002cf8       0x10 ./config/startup.o
 .debug_ranges  0x00002d08       0x10 D:/ResearchSoftware/KungFu32/ChipONCC32/ccr1_issue/lib\libio.a(fprintf.o)
 .debug_ranges  0x00002d18       0x10 D:/ResearchSoftware/KungFu32/ChipONCC32/ccr1_issue/lib\libio.a(vfprintf.o)
 .debug_ranges  0x00002d28       0x18 D:/ResearchSoftware/KungFu32/ChipONCC32/ccr1_issue/lib\libstring.a(mem_set_cpy_Fast.o)
 .debug_ranges  0x00002d40       0x58 D:/ResearchSoftware/KungFu32/ChipONCC32/ccr1_issue/lib\libstdlib.a(ftoa.o)
 .debug_ranges  0x00002d98       0x18 D:/ResearchSoftware/KungFu32/ChipONCC32/ccr1_issue/lib\libstdlib.a(itoa.o)
 .debug_ranges  0x00002db0       0x18 D:/ResearchSoftware/KungFu32/ChipONCC32/ccr1_issue/lib\libstdlib.a(ltoa.o)

.debug_macro
 *(.debug_macro)

.gnu.attributes
 *(.gnu.attributes)

/DISCARD/
 *(.note.GNU-stack)
 *(.gnu_debuglink)
 *(.gnu.lto_*)

.debug_types
 *(.debug_types)
OUTPUT(KF32F330_EVAL.elf elf32-kungfu32-little)
